[INFO] [1773654634.820088466]: 参数加载完成:
[INFO] [1773654634.831290587]:   激光雷达话题: /livox/pointcloud2
[INFO] [1773654634.831320732]:   双雷达模式: 禁用（仅使用激光雷达）
[INFO] [1773654634.831331837]:   PatchWorkpp地面分割: 启用
[INFO] [1773654634.831347229]:   体素滤波器叶子大小: 0.050
[INFO] [1773654634.831356701]:   地面高度阈值: 0.500
[INFO] [1773654634.831388383]:   精细高度过滤阈值: 0.100
[INFO] [1773654634.831397023]:   机器人半径: 0.300
[INFO] [1773654634.831407199]:   最大处理距离: 10.0
[INFO] [1773654634.831415808]:   地面点云膨胀: 启用
[INFO] [1773654634.831429888]:   膨胀半径: 0.300 米
[INFO] [1773654634.831446145]:   膨胀高度范围: 0.300 米
[INFO] [1773654634.831476290]:   障碍物点云聚类滤波: 启用
[INFO] [1773654634.831493059]:   聚类容忍距离: 0.400 米
[INFO] [1773654634.831509731]:   最小聚类大小: 10 点
[INFO] [1773654634.831521508]:   最大聚类大小: 25000 点
[INFO] [1773654634.876719894]: 单雷达模式，仅使用激光雷达数据
[INFO] [1773654634.885506915]: Inititalizing PatchWork++...
[INFO] [1773654634.938939053]: Sensor Height: 1.723000
[INFO] [1773654634.939004048]: Num of Iteration: 3
[INFO] [1773654634.939016208]: Num of LPR: 20
[INFO] [1773654634.939057074]: Num of min. points: 6
[INFO] [1773654634.939075698]: Seeds Threshold: 0.320000
[INFO] [1773654634.939096211]: Distance Threshold: 0.050000
[INFO] [1773654634.939115444]: Max. range:: 10.000000
[INFO] [1773654634.939130997]: Min. range:: 0.010000
[INFO] [1773654634.939154517]: Normal vector threshold: 0.707000
[INFO] [1773654634.939164694]: adaptive_seed_selection_margin: -1.100000
[INFO] [1773654634.942150471]: Num. zones: 4
Num. sectors: 4, 8, 12, 8
Num. rings: 4, 4, 4, 4
elevation_thr_: 0.1000, 0.1000, 0.1000, 0.1000 
flatness_thr_: 0.0000, 0.0000, 0.0000, 0.0000 
INITIALIZATION COMPLETE
