[START] Fast-LIO2 Navigation
Logs will be written to: /root/ws_nav/src/go2_real/logs/slot_01_20260316_174945
Startup log: /root/ws_nav/src/go2_real/logs/slot_01_20260316_174945/startup.log
Starting robot navigation bringup...
Starting Livox point cloud...
Starting IMU stairs detector...
==========================================
Starting HDL Global Localization...
==========================================
Downsampling PCD file...
Downsample a cloud using pcl::VoxelGrid. For more information, use: pcl_voxel_grid -h
Using a leaf size of: 0.200000, 0.200000, 0.200000
Filtering data on field: z between: -inf ->inf
> Loading /root/ws_nav/src/go2_real/navigation_3d/fast_lio_nav/open3d_loc/map/aft_pgo_cloud.pcd [done, 80.2658 ms : 7265992 points]
Available dimensions: x y z
> Computing [done, 1953.28 ms : 565475 points]
> Saving /root/ws_nav/src/go2_real/navigation_3d/global_planner/pcd_map/pcd/voxel_free_space_downsampled.pcd [done, 218.573 ms : 565475 points]
Downsampling successful!
-rw-r--r-- 1 1000 1000 6.6M Mar 16 17:49 /root/ws_nav/src/go2_real/navigation_3d/global_planner/pcd_map/pcd/voxel_free_space_downsampled.pcd
Loading global map from: /root/ws_nav/src/go2_real/navigation_3d/global_planner/pcd_map/pcd/voxel_free_space_downsampled.pcd
Starting Global map publisher...
Waiting for global map topic...
Global map topic is available!
Waiting for map data to be published...
Starting Auto initial pose...
Waiting for HDL services to be ready...
Checking service: /hdl_global_localization/query
  ✓ /hdl_global_localization/query ready!
Checking service: /auto_initialpose/trigger
  ✓ /auto_initialpose/trigger ready!
Checking Livox point cloud availability...
Livox point cloud is publishing!
Waiting for nodes to fully initialize...
[2026-03-16 17:50:17] rosservice call /auto_initialpose/trigger
success: False
message: "Map not loaded, cannot trigger localization"
Trigger service returned:
success: False
message: "Map not loaded, cannot trigger localization"
WARNING: Trigger returned success=False
Waiting for localization to complete...
Checking if initial pose was published...
WARNING: Did not receive /initialpose within 5s
WARNING: Global localization may not have completed successfully
Please check if the robot's initial position matches the map
==========================================
HDL Global Localization setup complete
Continuing with navigation startup...
==========================================
Starting 3D localization...
Starting pointcloud to laserscan...
Starting local planner costmap...
Starting path smoother...
Starting pure pursuit...
Starting dual radar extractor...
Starting target points visualizer...
Starting navigation state machine...
Starting photograph service...
Starting UDP cmd_vel sender...
All background nodes are up. Launching navigation GUI (foreground)...
[INFO] [1773654638.996441]: 导航控制命令行界面已启动

=== Go2 机器人导航控制界面 ===
等待ROS消息...

=== 导航控制命令 ===
1 或 s - 开始循环导航
2 或 stop - 停止任务
3 或 c - 继续执行任务
4 或 h - 回家
e - 切换紧急停止状态
status - 显示当前状态
help - 显示此帮助信息
q 或 quit - 退出程序
===================

