[INFO] [1773649311.497598544]: 参数加载完成:
[INFO] [1773649311.507875382]:   激光雷达话题: /livox/pointcloud2
[INFO] [1773649311.507917976]:   双雷达模式: 禁用（仅使用激光雷达）
[INFO] [1773649311.507933017]:   PatchWorkpp地面分割: 启用
[INFO] [1773649311.507954713]:   体素滤波器叶子大小: 0.050
[INFO] [1773649311.507967034]:   地面高度阈值: 0.500
[INFO] [1773649311.507979002]:   精细高度过滤阈值: 0.100
[INFO] [1773649311.508014620]:   机器人半径: 0.300
[INFO] [1773649311.508028252]:   最大处理距离: 10.0
[INFO] [1773649311.508039101]:   地面点云膨胀: 启用
[INFO] [1773649311.508049885]:   膨胀半径: 0.300 米
[INFO] [1773649311.508060605]:   膨胀高度范围: 0.300 米
[INFO] [1773649311.508070974]:   障碍物点云聚类滤波: 启用
[INFO] [1773649311.508081630]:   聚类容忍距离: 0.400 米
[INFO] [1773649311.508097119]:   最小聚类大小: 10 点
[INFO] [1773649311.508107775]:   最大聚类大小: 25000 点
[INFO] [1773649311.571312061]: 单雷达模式，仅使用激光雷达数据
[INFO] [1773649311.592336923]: Inititalizing PatchWork++...
[INFO] [1773649311.657123540]: Sensor Height: 1.723000
[INFO] [1773649311.657179831]: Num of Iteration: 3
[INFO] [1773649311.657195191]: Num of LPR: 20
[INFO] [1773649311.657206872]: Num of min. points: 6
[INFO] [1773649311.657220312]: Seeds Threshold: 0.320000
[INFO] [1773649311.657233209]: Distance Threshold: 0.050000
[INFO] [1773649311.657269722]: Max. range:: 10.000000
[INFO] [1773649311.657281018]: Min. range:: 0.010000
[INFO] [1773649311.657291803]: Normal vector threshold: 0.707000
[INFO] [1773649311.657304443]: adaptive_seed_selection_margin: -1.100000
[INFO] [1773649311.678231957]: Num. zones: 4
Num. sectors: 4, 8, 12, 8
Num. rings: 4, 4, 4, 4
elevation_thr_: 0.1000, 0.1000, 0.1000, 0.1000 
flatness_thr_: 0.0000, 0.0000, 0.0000, 0.0000 
INITIALIZATION COMPLETE
