[WARN] [1773649336.000349729]: 尚未接收到当前位置信息
[WARN] [1773649341.087518272]: 尚未接收到当前位置信息
[INFO] [1773649311.268430042]: 全局路径规划器构造完成
[INFO] [1773649311.270962362]: 节点名: /global_path_planner, 私有命名空间: /global_path_planner
[INFO] [1773649311.270995644]: 地图文件: /root/ws_nav/src/go2_real/navigation_3d/global_planner/topology_rviz_plugin/map/connected_topology_map.txt
[INFO] [1773649311.271006460]: 全局坐标系: map
[INFO] [1773649311.271044190]: 机器人坐标系: base_link
[INFO] [1773649311.271064062]: 直接连接: 启用, 阈值: 5.00 m
[INFO] [1773649311.271075391]: 临时节点连接距离阈值: 5.00 m, 插值点数: 20
[INFO] [1773649311.271085183]: 机器狗高度: 0.35 m
[INFO] [1773649311.271093407]: 安全球半径: 0.30 m
[INFO] [1773649311.271104064]: 有效点阈值: 90.0%
[INFO] [1773649311.271116064]: 临时连接可行域检查: 禁用
[INFO] [1773649311.271141025]: 初始化全局路径规划器...
[INFO] [1773649311.367704849]: 开始加载拓扑地图文件: /root/ws_nav/src/go2_real/navigation_3d/global_planner/topology_rviz_plugin/map/connected_topology_map.txt
[INFO] [1773649311.368130913]: 开始读取边数据
[INFO] [1773649311.368245701]: 拓扑地图加载完成: 32 个节点, 31 条边
[INFO] [1773649311.368268838]: 全局路径规划器初始化完成，加载了 32 个节点和 31 条边
[INFO] [1773649311.368283719]: 全局路径规划器节点启动
[INFO] [1773649336.000209089]: 收到点击目标点
[INFO] [1773649336.000326795]: 目标点位置: (10.95, 1.26, 2.00)
[INFO] [1773649341.087448640]: 收到点击目标点
[INFO] [1773649341.087506821]: 目标点位置: (10.95, 1.26, 2.00)
[INFO] [1773649499.563383083]: 收到点击目标点
[INFO] [1773649499.563468649]: 目标点位置: (8.77, 0.49, 2.01)
[INFO] [1773649499.563508936]: 开始规划从 (8.50, -1.48, 1.75) 到 (8.77, 0.49, 2.01) 的路径
[INFO] [1773649499.563536679]: 开始为临时节点 32 查找连接
[INFO] [1773649499.563568646]: 找到第一个合法节点: 4，距离: 1.54
[INFO] [1773649499.563587942]: 第一个合法节点: 4, 第二层候选节点总数: 2
[INFO] [1773649499.563604645]: 创建合法连接: 临时节点32 -> 节点3, 代价: 1.83
[INFO] [1773649499.563618853]: 创建合法连接: 临时节点32 -> 节点4, 代价: 1.54
[INFO] [1773649499.563632805]: 创建合法连接: 临时节点32 -> 节点5, 代价: 4.59
[INFO] [1773649499.563642788]: 临时节点 32 成功连接到 3 个节点
[INFO] [1773649499.563653604]: 开始为临时节点 33 查找连接
[INFO] [1773649499.563665508]: 找到第一个合法节点: 3，距离: 1.99
[INFO] [1773649499.563675076]: 第一个合法节点: 3, 第二层候选节点总数: 2
[INFO] [1773649499.563683171]: 创建合法连接: 临时节点33 -> 节点2, 代价: 5.75
[INFO] [1773649499.563690979]: 创建合法连接: 临时节点33 -> 节点3, 代价: 1.99
[INFO] [1773649499.563698563]: 创建合法连接: 临时节点33 -> 节点4, 代价: 1.99
[INFO] [1773649499.563705987]: 临时节点 33 成功连接到 3 个节点
[INFO] [1773649499.563714307]: 起点到终点直线距离: 2.00 米
[INFO] [1773649499.563728066]: 直连判定: enable=true, distance=2.00 m, threshold=5.00 m, feasible=true
[INFO] [1773649499.563771489]: 添加起点到终点的直接连接，距离: 2.00 米
[INFO] [1773649499.563819584]: 在临时拓扑图中找到路径，包含 2 个节点
[INFO] [1773649499.563906398]: 构建完整路径完成，包含 21 个路径点
[INFO] [1773649499.564149464]: 发布全局路径，包含 21 个路径点
[INFO] [1773649504.080294778]: 收到点击目标点
[INFO] [1773649504.080375864]: 目标点位置: (8.77, 0.49, 2.01)
[INFO] [1773649504.080408568]: 开始规划从 (8.49, -1.48, 1.90) 到 (8.77, 0.49, 2.01) 的路径
[INFO] [1773649504.080439639]: 开始为临时节点 32 查找连接
[INFO] [1773649504.080498421]: 找到第一个合法节点: 4，距离: 1.52
[INFO] [1773649504.080519253]: 第一个合法节点: 4, 第二层候选节点总数: 2
[INFO] [1773649504.080537268]: 创建合法连接: 临时节点32 -> 节点3, 代价: 1.83
[INFO] [1773649504.080553236]: 创建合法连接: 临时节点32 -> 节点4, 代价: 1.52
[INFO] [1773649504.080568212]: 创建合法连接: 临时节点32 -> 节点5, 代价: 4.59
[INFO] [1773649504.080584979]: 临时节点 32 成功连接到 3 个节点
[INFO] [1773649504.080600083]: 开始为临时节点 33 查找连接
[INFO] [1773649504.080618259]: 找到第一个合法节点: 3，距离: 1.99
[INFO] [1773649504.080634770]: 第一个合法节点: 3, 第二层候选节点总数: 2
[INFO] [1773649504.080650034]: 创建合法连接: 临时节点33 -> 节点2, 代价: 5.75
[INFO] [1773649504.080665169]: 创建合法连接: 临时节点33 -> 节点3, 代价: 1.99
[INFO] [1773649504.080679409]: 创建合法连接: 临时节点33 -> 节点4, 代价: 1.99
[INFO] [1773649504.080693905]: 临时节点 33 成功连接到 3 个节点
[INFO] [1773649504.080713616]: 起点到终点直线距离: 1.99 米
[INFO] [1773649504.080732592]: 直连判定: enable=true, distance=1.99 m, threshold=5.00 m, feasible=true
[INFO] [1773649504.080749263]: 添加起点到终点的直接连接，距离: 1.99 米
[INFO] [1773649504.080785742]: 在临时拓扑图中找到路径，包含 2 个节点
[INFO] [1773649504.080846093]: 构建完整路径完成，包含 21 个路径点
[INFO] [1773649504.080886220]: 发布全局路径，包含 21 个路径点
[INFO] [1773649515.392344371]: 收到点击目标点
[INFO] [1773649515.392432945]: 目标点位置: (8.77, 0.49, 2.01)
[INFO] [1773649515.392465456]: 开始规划从 (8.50, -1.46, 2.02) 到 (8.77, 0.49, 2.01) 的路径
[INFO] [1773649515.392509871]: 开始为临时节点 32 查找连接
[INFO] [1773649515.392537743]: 找到第一个合法节点: 4，距离: 1.50
[INFO] [1773649515.392564558]: 第一个合法节点: 4, 第二层候选节点总数: 2
[INFO] [1773649515.392644556]: 创建合法连接: 临时节点32 -> 节点3, 代价: 1.84
[INFO] [1773649515.392685323]: 创建合法连接: 临时节点32 -> 节点4, 代价: 1.50
[INFO] [1773649515.392705323]: 创建合法连接: 临时节点32 -> 节点5, 代价: 4.60
[INFO] [1773649515.392730410]: 临时节点 32 成功连接到 3 个节点
[INFO] [1773649515.392794441]: 开始为临时节点 33 查找连接
[INFO] [1773649515.392860775]: 找到第一个合法节点: 3，距离: 1.99
[INFO] [1773649515.392889670]: 第一个合法节点: 3, 第二层候选节点总数: 2
[INFO] [1773649515.392908038]: 创建合法连接: 临时节点33 -> 节点2, 代价: 5.75
[INFO] [1773649515.392929061]: 创建合法连接: 临时节点33 -> 节点3, 代价: 1.99
[INFO] [1773649515.392945861]: 创建合法连接: 临时节点33 -> 节点4, 代价: 1.99
[INFO] [1773649515.392966276]: 临时节点 33 成功连接到 3 个节点
[INFO] [1773649515.392991940]: 起点到终点直线距离: 1.96 米
[INFO] [1773649515.393020771]: 直连判定: enable=true, distance=1.96 m, threshold=5.00 m, feasible=true
[INFO] [1773649515.393077314]: 添加起点到终点的直接连接，距离: 1.96 米
[INFO] [1773649515.393132992]: 在临时拓扑图中找到路径，包含 2 个节点
[INFO] [1773649515.393197471]: 构建完整路径完成，包含 21 个路径点
[INFO] [1773649515.393244734]: 发布全局路径，包含 21 个路径点
[INFO] [1773649680.158559064]: 收到点击目标点
[INFO] [1773649680.158625177]: 目标点位置: (8.77, 0.49, 2.01)
[INFO] [1773649680.158646521]: 开始规划从 (11.01, -0.92, 2.01) 到 (8.77, 0.49, 2.01) 的路径
[INFO] [1773649680.158691226]: 开始为临时节点 32 查找连接
[INFO] [1773649680.158706586]: 找到第一个合法节点: 4，距离: 1.07
[INFO] [1773649680.158720474]: 第一个合法节点: 4, 第二层候选节点总数: 2
[INFO] [1773649680.158732795]: 创建合法连接: 临时节点32 -> 节点3, 代价: 4.04
[INFO] [1773649680.158741851]: 创建合法连接: 临时节点32 -> 节点4, 代价: 1.07
[INFO] [1773649680.158750011]: 创建合法连接: 临时节点32 -> 节点5, 代价: 4.40
[INFO] [1773649680.158758523]: 临时节点 32 成功连接到 3 个节点
[INFO] [1773649680.158766203]: 开始为临时节点 33 查找连接
[INFO] [1773649680.158775611]: 找到第一个合法节点: 3，距离: 1.99
[INFO] [1773649680.158783484]: 第一个合法节点: 3, 第二层候选节点总数: 2
[INFO] [1773649680.158791548]: 创建合法连接: 临时节点33 -> 节点2, 代价: 5.75
[INFO] [1773649680.158798972]: 创建合法连接: 临时节点33 -> 节点3, 代价: 1.99
[INFO] [1773649680.158806492]: 创建合法连接: 临时节点33 -> 节点4, 代价: 1.99
[INFO] [1773649680.158819356]: 临时节点 33 成功连接到 3 个节点
[INFO] [1773649680.158835932]: 起点到终点直线距离: 2.64 米
[INFO] [1773649680.158845373]: 直连判定: enable=true, distance=2.64 m, threshold=5.00 m, feasible=true
[INFO] [1773649680.158855677]: 添加起点到终点的直接连接，距离: 2.64 米
[INFO] [1773649680.158874589]: 在临时拓扑图中找到路径，包含 2 个节点
[INFO] [1773649680.158961599]: 构建完整路径完成，包含 21 个路径点
[INFO] [1773649680.158991903]: 发布全局路径，包含 21 个路径点
[INFO] [1773649688.574672330]: 收到点击目标点
[INFO] [1773649688.574831341]: 目标点位置: (8.77, 0.49, 2.01)
[INFO] [1773649688.574867693]: 开始规划从 (11.02, -0.89, 2.14) 到 (8.77, 0.49, 2.01) 的路径
[INFO] [1773649688.574910798]: 开始为临时节点 32 查找连接
[INFO] [1773649688.574999952]: 找到第一个合法节点: 4，距离: 1.08
[INFO] [1773649688.575024016]: 第一个合法节点: 4, 第二层候选节点总数: 2
[INFO] [1773649688.575038896]: 创建合法连接: 临时节点32 -> 节点3, 代价: 4.05
[INFO] [1773649688.575051025]: 创建合法连接: 临时节点32 -> 节点4, 代价: 1.08
[INFO] [1773649688.575062769]: 创建合法连接: 临时节点32 -> 节点5, 代价: 4.44
[INFO] [1773649688.575074577]: 临时节点 32 成功连接到 3 个节点
[INFO] [1773649688.575087025]: 开始为临时节点 33 查找连接
[INFO] [1773649688.575101073]: 找到第一个合法节点: 3，距离: 1.99
[INFO] [1773649688.575113714]: 第一个合法节点: 3, 第二层候选节点总数: 2
[INFO] [1773649688.575125426]: 创建合法连接: 临时节点33 -> 节点2, 代价: 5.75
[INFO] [1773649688.575136178]: 创建合法连接: 临时节点33 -> 节点3, 代价: 1.99
[INFO] [1773649688.575147026]: 创建合法连接: 临时节点33 -> 节点4, 代价: 1.99
[INFO] [1773649688.575157682]: 临时节点 33 成功连接到 3 个节点
[INFO] [1773649688.575169139]: 起点到终点直线距离: 2.63 米
[INFO] [1773649688.575183539]: 直连判定: enable=true, distance=2.63 m, threshold=5.00 m, feasible=true
[INFO] [1773649688.575196115]: 添加起点到终点的直接连接，距离: 2.63 米
[INFO] [1773649688.575223667]: 在临时拓扑图中找到路径，包含 2 个节点
[INFO] [1773649688.575302421]: 构建完整路径完成，包含 21 个路径点
[INFO] [1773649688.575357654]: 发布全局路径，包含 21 个路径点
[INFO] [1773649743.105391429]: 收到点击目标点
[INFO] [1773649743.105447494]: 目标点位置: (8.77, 0.49, 2.01)
[INFO] [1773649743.105464230]: 开始规划从 (11.02, -0.88, 2.19) 到 (8.77, 0.49, 2.01) 的路径
[INFO] [1773649743.105517543]: 开始为临时节点 32 查找连接
[INFO] [1773649743.105531879]: 找到第一个合法节点: 4，距离: 1.09
[INFO] [1773649743.105541991]: 第一个合法节点: 4, 第二层候选节点总数: 2
[INFO] [1773649743.105550856]: 创建合法连接: 临时节点32 -> 节点3, 代价: 4.05
[INFO] [1773649743.105558728]: 创建合法连接: 临时节点32 -> 节点4, 代价: 1.09
[INFO] [1773649743.105566024]: 创建合法连接: 临时节点32 -> 节点5, 代价: 4.45
[INFO] [1773649743.105573704]: 临时节点 32 成功连接到 3 个节点
[INFO] [1773649743.105581544]: 开始为临时节点 33 查找连接
[INFO] [1773649743.105590792]: 找到第一个合法节点: 3，距离: 1.99
[INFO] [1773649743.105598536]: 第一个合法节点: 3, 第二层候选节点总数: 2
[INFO] [1773649743.105605960]: 创建合法连接: 临时节点33 -> 节点2, 代价: 5.75
[INFO] [1773649743.105613257]: 创建合法连接: 临时节点33 -> 节点3, 代价: 1.99
[INFO] [1773649743.105620297]: 创建合法连接: 临时节点33 -> 节点4, 代价: 1.99
[INFO] [1773649743.105627497]: 临时节点 33 成功连接到 3 个节点
[INFO] [1773649743.105635145]: 起点到终点直线距离: 2.63 米
[INFO] [1773649743.105644649]: 直连判定: enable=true, distance=2.63 m, threshold=5.00 m, feasible=true
[INFO] [1773649743.105653001]: 添加起点到终点的直接连接，距离: 2.63 米
[INFO] [1773649743.105670602]: 在临时拓扑图中找到路径，包含 2 个节点
[INFO] [1773649743.105698826]: 构建完整路径完成，包含 21 个路径点
[INFO] [1773649743.105721930]: 发布全局路径，包含 21 个路径点
[INFO] [1773649745.821618857]: 收到点击目标点
[INFO] [1773649745.821684394]: 目标点位置: (8.77, 0.49, 2.01)
[INFO] [1773649745.821709259]: 开始规划从 (11.02, -0.88, 2.19) 到 (8.77, 0.49, 2.01) 的路径
[INFO] [1773649745.821744075]: 开始为临时节点 32 查找连接
[INFO] [1773649745.821762892]: 找到第一个合法节点: 4，距离: 1.09
[INFO] [1773649745.821793388]: 第一个合法节点: 4, 第二层候选节点总数: 2
[INFO] [1773649745.821804140]: 创建合法连接: 临时节点32 -> 节点3, 代价: 4.06
[INFO] [1773649745.821811949]: 创建合法连接: 临时节点32 -> 节点4, 代价: 1.09
[INFO] [1773649745.821819821]: 创建合法连接: 临时节点32 -> 节点5, 代价: 4.45
[INFO] [1773649745.821827597]: 临时节点 32 成功连接到 3 个节点
[INFO] [1773649745.821837581]: 开始为临时节点 33 查找连接
[INFO] [1773649745.821847501]: 找到第一个合法节点: 3，距离: 1.99
[INFO] [1773649745.821855789]: 第一个合法节点: 3, 第二层候选节点总数: 2
[INFO] [1773649745.821866189]: 创建合法连接: 临时节点33 -> 节点2, 代价: 5.75
[INFO] [1773649745.821875470]: 创建合法连接: 临时节点33 -> 节点3, 代价: 1.99
[INFO] [1773649745.821886222]: 创建合法连接: 临时节点33 -> 节点4, 代价: 1.99
[INFO] [1773649745.821893870]: 临时节点 33 成功连接到 3 个节点
[INFO] [1773649745.821901742]: 起点到终点直线距离: 2.64 米
[INFO] [1773649745.821911854]: 直连判定: enable=true, distance=2.64 m, threshold=5.00 m, feasible=true
[INFO] [1773649745.821922190]: 添加起点到终点的直接连接，距离: 2.64 米
[INFO] [1773649745.821943183]: 在临时拓扑图中找到路径，包含 2 个节点
[INFO] [1773649745.821979983]: 构建完整路径完成，包含 21 个路径点
[INFO] [1773649745.822008176]: 发布全局路径，包含 21 个路径点
[INFO] [1773649747.285404108]: 收到点击目标点
[INFO] [1773649747.285461389]: 目标点位置: (8.77, 0.49, 2.01)
[INFO] [1773649747.285502606]: 开始规划从 (11.01, -0.88, 2.19) 到 (8.77, 0.49, 2.01) 的路径
[INFO] [1773649747.285523470]: 开始为临时节点 32 查找连接
[INFO] [1773649747.285542287]: 找到第一个合法节点: 4，距离: 1.09
[INFO] [1773649747.285559791]: 第一个合法节点: 4, 第二层候选节点总数: 2
[INFO] [1773649747.285571791]: 创建合法连接: 临时节点32 -> 节点3, 代价: 4.05
[INFO] [1773649747.285584271]: 创建合法连接: 临时节点32 -> 节点4, 代价: 1.09
[INFO] [1773649747.285592367]: 创建合法连接: 临时节点32 -> 节点5, 代价: 4.45
[INFO] [1773649747.285604688]: 临时节点 32 成功连接到 3 个节点
[INFO] [1773649747.285617776]: 开始为临时节点 33 查找连接
[INFO] [1773649747.285627984]: 找到第一个合法节点: 3，距离: 1.99
[INFO] [1773649747.285638768]: 第一个合法节点: 3, 第二层候选节点总数: 2
[INFO] [1773649747.285646768]: 创建合法连接: 临时节点33 -> 节点2, 代价: 5.75
[INFO] [1773649747.285654320]: 创建合法连接: 临时节点33 -> 节点3, 代价: 1.99
[INFO] [1773649747.285662321]: 创建合法连接: 临时节点33 -> 节点4, 代价: 1.99
[INFO] [1773649747.285670161]: 临时节点 33 成功连接到 3 个节点
[INFO] [1773649747.285678001]: 起点到终点直线距离: 2.63 米
[INFO] [1773649747.285690033]: 直连判定: enable=true, distance=2.63 m, threshold=5.00 m, feasible=true
[INFO] [1773649747.285701649]: 添加起点到终点的直接连接，距离: 2.63 米
[INFO] [1773649747.285720754]: 在临时拓扑图中找到路径，包含 2 个节点
[INFO] [1773649747.285757778]: 构建完整路径完成，包含 21 个路径点
[INFO] [1773649747.285832371]: 发布全局路径，包含 21 个路径点
[INFO] [1773649808.913032073]: 收到点击目标点
[INFO] [1773649808.913096396]: 目标点位置: (8.77, 0.49, 2.01)
[INFO] [1773649808.913118605]: 开始规划从 (11.07, -0.36, 2.19) 到 (8.77, 0.49, 2.01) 的路径
[INFO] [1773649808.913140461]: 开始为临时节点 32 查找连接
[INFO] [1773649808.913154158]: 找到第一个合法节点: 4，距离: 1.35
[INFO] [1773649808.913165326]: 第一个合法节点: 4, 第二层候选节点总数: 2
[INFO] [1773649808.913174319]: 创建合法连接: 临时节点32 -> 节点3, 代价: 4.08
[INFO] [1773649808.913182287]: 创建合法连接: 临时节点32 -> 节点4, 代价: 1.35
[INFO] [1773649808.913189679]: 创建合法连接: 临时节点32 -> 节点5, 代价: 4.97
[INFO] [1773649808.913198224]: 临时节点 32 成功连接到 3 个节点
[INFO] [1773649808.913206256]: 开始为临时节点 33 查找连接
[INFO] [1773649808.913215568]: 找到第一个合法节点: 3，距离: 1.99
[INFO] [1773649808.913223985]: 第一个合法节点: 3, 第二层候选节点总数: 2
[INFO] [1773649808.913231473]: 创建合法连接: 临时节点33 -> 节点2, 代价: 5.75
[INFO] [1773649808.913239249]: 创建合法连接: 临时节点33 -> 节点3, 代价: 1.99
[INFO] [1773649808.913246546]: 创建合法连接: 临时节点33 -> 节点4, 代价: 1.99
[INFO] [1773649808.913253906]: 临时节点 33 成功连接到 3 个节点
[INFO] [1773649808.913261266]: 起点到终点直线距离: 2.45 米
[INFO] [1773649808.913270130]: 直连判定: enable=true, distance=2.45 m, threshold=5.00 m, feasible=true
[INFO] [1773649808.913278195]: 添加起点到终点的直接连接，距离: 2.45 米
[INFO] [1773649808.913296211]: 在临时拓扑图中找到路径，包含 2 个节点
[INFO] [1773649808.913323412]: 构建完整路径完成，包含 21 个路径点
[INFO] [1773649808.913356438]: 发布全局路径，包含 21 个路径点
[INFO] [1773649812.309497798]: 收到点击目标点
[INFO] [1773649812.309599498]: 目标点位置: (8.77, 0.49, 2.01)
[INFO] [1773649812.309624043]: 开始规划从 (11.08, -0.36, 2.19) 到 (8.77, 0.49, 2.01) 的路径
[INFO] [1773649812.309673069]: 开始为临时节点 32 查找连接
[INFO] [1773649812.309693326]: 找到第一个合法节点: 4，距离: 1.35
[INFO] [1773649812.309707502]: 第一个合法节点: 4, 第二层候选节点总数: 2
[INFO] [1773649812.309724175]: 创建合法连接: 临时节点32 -> 节点3, 代价: 4.09
[INFO] [1773649812.309736143]: 创建合法连接: 临时节点32 -> 节点4, 代价: 1.35
[INFO] [1773649812.309746896]: 创建合法连接: 临时节点32 -> 节点5, 代价: 4.96
[INFO] [1773649812.309757520]: 临时节点 32 成功连接到 3 个节点
[INFO] [1773649812.309793618]: 开始为临时节点 33 查找连接
[INFO] [1773649812.309812626]: 找到第一个合法节点: 3，距离: 1.99
[INFO] [1773649812.309824819]: 第一个合法节点: 3, 第二层候选节点总数: 2
[INFO] [1773649812.309835827]: 创建合法连接: 临时节点33 -> 节点2, 代价: 5.75
[INFO] [1773649812.309846836]: 创建合法连接: 临时节点33 -> 节点3, 代价: 1.99
[INFO] [1773649812.309857140]: 创建合法连接: 临时节点33 -> 节点4, 代价: 1.99
[INFO] [1773649812.309867700]: 临时节点 33 成功连接到 3 个节点
[INFO] [1773649812.309878741]: 起点到终点直线距离: 2.46 米
[INFO] [1773649812.309890421]: 直连判定: enable=true, distance=2.46 m, threshold=5.00 m, feasible=true
[INFO] [1773649812.309902422]: 添加起点到终点的直接连接，距离: 2.46 米
[INFO] [1773649812.309926199]: 在临时拓扑图中找到路径，包含 2 个节点
[INFO] [1773649812.309962008]: 构建完整路径完成，包含 21 个路径点
[INFO] [1773649812.309999385]: 发布全局路径，包含 21 个路径点
[INFO] [1773649823.963717537]: 收到点击目标点
[INFO] [1773649823.963782660]: 目标点位置: (8.77, 0.49, 2.01)
[INFO] [1773649823.963800004]: 开始规划从 (11.08, -0.36, 2.19) 到 (8.77, 0.49, 2.01) 的路径
[INFO] [1773649823.963832806]: 开始为临时节点 32 查找连接
[INFO] [1773649823.963848806]: 找到第一个合法节点: 4，距离: 1.36
[INFO] [1773649823.963863847]: 第一个合法节点: 4, 第二层候选节点总数: 2
[INFO] [1773649823.963885384]: 创建合法连接: 临时节点32 -> 节点3, 代价: 4.09
[INFO] [1773649823.963895528]: 创建合法连接: 临时节点32 -> 节点4, 代价: 1.36
[INFO] [1773649823.963903464]: 创建合法连接: 临时节点32 -> 节点5, 代价: 4.97
[INFO] [1773649823.963912137]: 临时节点 32 成功连接到 3 个节点
[INFO] [1773649823.963920009]: 开始为临时节点 33 查找连接
[INFO] [1773649823.963930057]: 找到第一个合法节点: 3，距离: 1.99
[INFO] [1773649823.963939114]: 第一个合法节点: 3, 第二层候选节点总数: 2
[INFO] [1773649823.963947050]: 创建合法连接: 临时节点33 -> 节点2, 代价: 5.75
[INFO] [1773649823.963954762]: 创建合法连接: 临时节点33 -> 节点3, 代价: 1.99
[INFO] [1773649823.963962538]: 创建合法连接: 临时节点33 -> 节点4, 代价: 1.99
[INFO] [1773649823.963970859]: 临时节点 33 成功连接到 3 个节点
[INFO] [1773649823.963978571]: 起点到终点直线距离: 2.46 米
[INFO] [1773649823.963986859]: 直连判定: enable=true, distance=2.46 m, threshold=5.00 m, feasible=true
[INFO] [1773649823.963995244]: 添加起点到终点的直接连接，距离: 2.46 米
[INFO] [1773649823.964016012]: 在临时拓扑图中找到路径，包含 2 个节点
[INFO] [1773649823.964053710]: 构建完整路径完成，包含 21 个路径点
[INFO] [1773649823.964080719]: 发布全局路径，包含 21 个路径点
[INFO] [1773649831.712307686]: 收到点击目标点
[INFO] [1773649831.712374921]: 目标点位置: (8.77, 0.49, 2.01)
[INFO] [1773649831.712391978]: 开始规划从 (11.09, -0.35, 2.19) 到 (8.77, 0.49, 2.01) 的路径
[INFO] [1773649831.712429355]: 开始为临时节点 32 查找连接
[INFO] [1773649831.712444588]: 找到第一个合法节点: 4，距离: 1.37
[INFO] [1773649831.712456460]: 第一个合法节点: 4, 第二层候选节点总数: 2
[INFO] [1773649831.712464876]: 创建合法连接: 临时节点32 -> 节点3, 代价: 4.10
[INFO] [1773649831.712472653]: 创建合法连接: 临时节点32 -> 节点4, 代价: 1.37
[INFO] [1773649831.712479885]: 创建合法连接: 临时节点32 -> 节点5, 代价: 4.98
[INFO] [1773649831.712487533]: 临时节点 32 成功连接到 3 个节点
[INFO] [1773649831.712495918]: 开始为临时节点 33 查找连接
[INFO] [1773649831.712505454]: 找到第一个合法节点: 3，距离: 1.99
[INFO] [1773649831.712515374]: 第一个合法节点: 3, 第二层候选节点总数: 2
[INFO] [1773649831.712523215]: 创建合法连接: 临时节点33 -> 节点2, 代价: 5.75
[INFO] [1773649831.712530799]: 创建合法连接: 临时节点33 -> 节点3, 代价: 1.99
[INFO] [1773649831.712538607]: 创建合法连接: 临时节点33 -> 节点4, 代价: 1.99
[INFO] [1773649831.712546415]: 临时节点 33 成功连接到 3 个节点
[INFO] [1773649831.712554768]: 起点到终点直线距离: 2.47 米
[INFO] [1773649831.712563472]: 直连判定: enable=true, distance=2.47 m, threshold=5.00 m, feasible=true
[INFO] [1773649831.712571888]: 添加起点到终点的直接连接，距离: 2.47 米
[INFO] [1773649831.712589233]: 在临时拓扑图中找到路径，包含 2 个节点
[INFO] [1773649831.712620274]: 构建完整路径完成，包含 21 个路径点
[INFO] [1773649831.712649683]: 发布全局路径，包含 21 个路径点
[INFO] [1773649833.392853175]: 收到点击目标点
[INFO] [1773649833.392922649]: 目标点位置: (8.77, 0.49, 2.01)
[INFO] [1773649833.392945114]: 开始规划从 (11.08, -0.36, 2.19) 到 (8.77, 0.49, 2.01) 的路径
[INFO] [1773649833.392988892]: 开始为临时节点 32 查找连接
[INFO] [1773649833.393011709]: 找到第一个合法节点: 4，距离: 1.36
[INFO] [1773649833.393031646]: 第一个合法节点: 4, 第二层候选节点总数: 2
[INFO] [1773649833.393048158]: 创建合法连接: 临时节点32 -> 节点3, 代价: 4.09
[INFO] [1773649833.393065503]: 创建合法连接: 临时节点32 -> 节点4, 代价: 1.36
[INFO] [1773649833.393081119]: 创建合法连接: 临时节点32 -> 节点5, 代价: 4.97
[INFO] [1773649833.393097216]: 临时节点 32 成功连接到 3 个节点
[INFO] [1773649833.393109024]: 开始为临时节点 33 查找连接
[INFO] [1773649833.393123361]: 找到第一个合法节点: 3，距离: 1.99
[INFO] [1773649833.393139906]: 第一个合法节点: 3, 第二层候选节点总数: 2
[INFO] [1773649833.393155938]: 创建合法连接: 临时节点33 -> 节点2, 代价: 5.75
[INFO] [1773649833.393166979]: 创建合法连接: 临时节点33 -> 节点3, 代价: 1.99
[INFO] [1773649833.393180803]: 创建合法连接: 临时节点33 -> 节点4, 代价: 1.99
[INFO] [1773649833.393198468]: 临时节点 33 成功连接到 3 个节点
[INFO] [1773649833.393214596]: 起点到终点直线距离: 2.46 米
[INFO] [1773649833.393227493]: 直连判定: enable=true, distance=2.46 m, threshold=5.00 m, feasible=true
[INFO] [1773649833.393238405]: 添加起点到终点的直接连接，距离: 2.46 米
[INFO] [1773649833.393265414]: 在临时拓扑图中找到路径，包含 2 个节点
[INFO] [1773649833.393304840]: 构建完整路径完成，包含 21 个路径点
