[INFO] [1773648994.675069164]: 参数加载完成:
[INFO] [1773648994.676813262]:   激光雷达话题: /livox/pointcloud2
[INFO] [1773648994.676848431]:   双雷达模式: 禁用（仅使用激光雷达）
[INFO] [1773648994.676860272]:   PatchWorkpp地面分割: 启用
[INFO] [1773648994.676879760]:   体素滤波器叶子大小: 0.050
[INFO] [1773648994.676890257]:   地面高度阈值: 0.500
[INFO] [1773648994.676899697]:   精细高度过滤阈值: 0.100
[INFO] [1773648994.676925778]:   机器人半径: 0.300
[INFO] [1773648994.676936499]:   最大处理距离: 10.0
[INFO] [1773648994.676944531]:   地面点云膨胀: 启用
[INFO] [1773648994.676952531]:   膨胀半径: 0.300 米
[INFO] [1773648994.676960564]:   膨胀高度范围: 0.300 米
[INFO] [1773648994.676968180]:   障碍物点云聚类滤波: 启用
[INFO] [1773648994.676976884]:   聚类容忍距离: 0.400 米
[INFO] [1773648994.676989365]:   最小聚类大小: 10 点
[INFO] [1773648994.676997397]:   最大聚类大小: 25000 点
[INFO] [1773648994.707009863]: 单雷达模式，仅使用激光雷达数据
[INFO] [1773648994.714687978]: Inititalizing PatchWork++...
[INFO] [1773648994.861509960]: Sensor Height: 1.723000
[INFO] [1773648994.861560458]: Num of Iteration: 3
[INFO] [1773648994.861573355]: Num of LPR: 20
[INFO] [1773648994.861582443]: Num of min. points: 6
[INFO] [1773648994.861593579]: Seeds Threshold: 0.320000
[INFO] [1773648994.861604044]: Distance Threshold: 0.050000
[INFO] [1773648994.861626157]: Max. range:: 10.000000
[INFO] [1773648994.861635725]: Min. range:: 0.010000
[INFO] [1773648994.861643661]: Normal vector threshold: 0.707000
[INFO] [1773648994.861653102]: adaptive_seed_selection_margin: -1.100000
[INFO] [1773648994.871252089]: Num. zones: 4
Num. sectors: 4, 8, 12, 8
Num. rings: 4, 4, 4, 4
elevation_thr_: 0.1000, 0.1000, 0.1000, 0.1000 
flatness_thr_: 0.0000, 0.0000, 0.0000, 0.0000 
INITIALIZATION COMPLETE
