[INFO] [1773651404.013554100]: 参数加载完成:
[INFO] [1773651404.026274198]:   激光雷达话题: /livox/pointcloud2
[INFO] [1773651404.026303063]:   双雷达模式: 禁用（仅使用激光雷达）
[INFO] [1773651404.026314168]:   PatchWorkpp地面分割: 启用
[INFO] [1773651404.026330456]:   体素滤波器叶子大小: 0.050
[INFO] [1773651404.026339993]:   地面高度阈值: 0.500
[INFO] [1773651404.026349209]:   精细高度过滤阈值: 0.100
[INFO] [1773651404.026382010]:   机器人半径: 0.300
[INFO] [1773651404.026392411]:   最大处理距离: 10.0
[INFO] [1773651404.026400379]:   地面点云膨胀: 启用
[INFO] [1773651404.026408507]:   膨胀半径: 0.300 米
[INFO] [1773651404.026416892]:   膨胀高度范围: 0.300 米
[INFO] [1773651404.026424316]:   障碍物点云聚类滤波: 启用
[INFO] [1773651404.026431804]:   聚类容忍距离: 0.400 米
[INFO] [1773651404.026446653]:   最小聚类大小: 10 点
[INFO] [1773651404.026454333]:   最大聚类大小: 25000 点
[INFO] [1773651404.066541389]: 单雷达模式，仅使用激光雷达数据
[INFO] [1773651404.073429746]: Inititalizing PatchWork++...
[INFO] [1773651404.148518993]: Sensor Height: 1.723000
[INFO] [1773651404.148571283]: Num of Iteration: 3
[INFO] [1773651404.148582484]: Num of LPR: 20
[INFO] [1773651404.148591700]: Num of min. points: 6
[INFO] [1773651404.148602868]: Seeds Threshold: 0.320000
[INFO] [1773651404.148612917]: Distance Threshold: 0.050000
[INFO] [1773651404.148624117]: Max. range:: 10.000000
[INFO] [1773651404.148646614]: Min. range:: 0.010000
[INFO] [1773651404.148656054]: Normal vector threshold: 0.707000
[INFO] [1773651404.148665271]: adaptive_seed_selection_margin: -1.100000
[INFO] [1773651404.166641952]: Num. zones: 4
Num. sectors: 4, 8, 12, 8
Num. rings: 4, 4, 4, 4
elevation_thr_: 0.1000, 0.1000, 0.1000, 0.1000 
flatness_thr_: 0.0000, 0.0000, 0.0000, 0.0000 
INITIALIZATION COMPLETE
