[INFO] [1773652423.043142870]: 参数加载完成:
[INFO] [1773652423.046255308]:   激光雷达话题: /livox/pointcloud2
[INFO] [1773652423.046284813]:   双雷达模式: 禁用（仅使用激光雷达）
[INFO] [1773652423.046295981]:   PatchWorkpp地面分割: 启用
[INFO] [1773652423.046312846]:   体素滤波器叶子大小: 0.050
[INFO] [1773652423.046322542]:   地面高度阈值: 0.500
[INFO] [1773652423.046331535]:   精细高度过滤阈值: 0.100
[INFO] [1773652423.046374352]:   机器人半径: 0.300
[INFO] [1773652423.046392817]:   最大处理距离: 10.0
[INFO] [1773652423.046402130]:   地面点云膨胀: 启用
[INFO] [1773652423.046416146]:   膨胀半径: 0.300 米
[INFO] [1773652423.046427506]:   膨胀高度范围: 0.300 米
[INFO] [1773652423.046440531]:   障碍物点云聚类滤波: 启用
[INFO] [1773652423.046452275]:   聚类容忍距离: 0.400 米
[INFO] [1773652423.046466964]:   最小聚类大小: 10 点
[INFO] [1773652423.046479412]:   最大聚类大小: 25000 点
[INFO] [1773652423.087810452]: 单雷达模式，仅使用激光雷达数据
[INFO] [1773652423.103589546]: Inititalizing PatchWork++...
[INFO] [1773652423.171886121]: Sensor Height: 1.723000
[INFO] [1773652423.171937643]: Num of Iteration: 3
[INFO] [1773652423.171985421]: Num of LPR: 20
[INFO] [1773652423.172000877]: Num of min. points: 6
[INFO] [1773652423.172013102]: Seeds Threshold: 0.320000
[INFO] [1773652423.172027566]: Distance Threshold: 0.050000
[INFO] [1773652423.172044975]: Max. range:: 10.000000
[INFO] [1773652423.172058959]: Min. range:: 0.010000
[INFO] [1773652423.172072592]: Normal vector threshold: 0.707000
[INFO] [1773652423.172087696]: adaptive_seed_selection_margin: -1.100000
[INFO] [1773652423.177584609]: Num. zones: 4
Num. sectors: 4, 8, 12, 8
Num. rings: 4, 4, 4, 4
elevation_thr_: 0.1000, 0.1000, 0.1000, 0.1000 
flatness_thr_: 0.0000, 0.0000, 0.0000, 0.0000 
INITIALIZATION COMPLETE
