[INFO] [1773652421.943743892]: 全局路径规划器构造完成
[INFO] [1773652421.947476738]: 节点名: /global_path_planner, 私有命名空间: /global_path_planner
[INFO] [1773652421.947514403]: 地图文件: /root/ws_nav/src/go2_real/navigation_3d/global_planner/topology_rviz_plugin/map/connected_topology_map.txt
[INFO] [1773652421.947524580]: 全局坐标系: map
[INFO] [1773652421.947554629]: 机器人坐标系: base_link
[INFO] [1773652421.947574853]: 直接连接: 启用, 阈值: 50.00 m
[INFO] [1773652421.947585446]: 临时节点连接距离阈值: 5.00 m, 插值点数: 20
[INFO] [1773652421.947594214]: 机器狗高度: 0.35 m
[INFO] [1773652421.947602342]: 安全球半径: 0.30 m
[INFO] [1773652421.947623175]: 有效点阈值: 90.0%
[INFO] [1773652421.947634472]: 临时连接可行域检查: 禁用
[INFO] [1773652421.947666121]: 初始化全局路径规划器...
[INFO] [1773652422.083001142]: 开始加载拓扑地图文件: /root/ws_nav/src/go2_real/navigation_3d/global_planner/topology_rviz_plugin/map/connected_topology_map.txt
[INFO] [1773652422.083409605]: 开始读取边数据
[INFO] [1773652422.083538090]: 拓扑地图加载完成: 32 个节点, 31 条边
[INFO] [1773652422.083563051]: 全局路径规划器初始化完成，加载了 32 个节点和 31 条边
[INFO] [1773652422.083584172]: 全局路径规划器节点启动
[INFO] [1773652480.034852705]: 收到点击目标点
[INFO] [1773652480.034952885]: 目标点位置: (9.36, -1.91, 2.06)
[INFO] [1773652480.035025260]: 开始规划从 (12.71, 2.82, 1.94) 到 (9.36, -1.91, 2.06) 的路径
[INFO] [1773652480.035089156]: 开始为临时节点 32 查找连接
[INFO] [1773652480.035118784]: 找到第一个合法节点: 29，距离: 2.34
[INFO] [1773652480.035137694]: 第一个合法节点: 29, 第二层候选节点总数: 2
[INFO] [1773652480.035162939]: 创建合法连接: 临时节点32 -> 节点28, 代价: 4.35
[INFO] [1773652480.035178745]: 创建合法连接: 临时节点32 -> 节点29, 代价: 2.34
[INFO] [1773652480.035189208]: 创建合法连接: 临时节点32 -> 节点30, 代价: 2.34
[INFO] [1773652480.035200918]: 临时节点 32 成功连接到 3 个节点
[INFO] [1773652480.035212597]: 开始为临时节点 33 查找连接
[INFO] [1773652480.035225875]: 找到第一个合法节点: 4，距离: 1.00
[INFO] [1773652480.035236402]: 第一个合法节点: 4, 第二层候选节点总数: 2
[INFO] [1773652480.035252304]: 创建合法连接: 临时节点33 -> 节点3, 代价: 2.81
[INFO] [1773652480.035262575]: 创建合法连接: 临时节点33 -> 节点4, 代价: 1.00
[INFO] [1773652480.035272557]: 创建合法连接: 临时节点33 -> 节点5, 代价: 3.78
[INFO] [1773652480.035282252]: 临时节点 33 成功连接到 3 个节点
[INFO] [1773652480.035294283]: 起点到终点直线距离: 5.79 米
[INFO] [1773652480.035310825]: 直连判定: enable=true, distance=5.79 m, threshold=50.00 m, feasible=true
[INFO] [1773652480.035323367]: 添加起点到终点的直接连接，距离: 5.79 米
[INFO] [1773652480.035364482]: 在临时拓扑图中找到路径，包含 2 个节点
[INFO] [1773652480.035455191]: 构建完整路径完成，包含 21 个路径点
[INFO] [1773652480.035509264]: 发布全局路径，包含 21 个路径点
[INFO] [1773652489.823411303]: 收到点击目标点
[INFO] [1773652489.823542583]: 目标点位置: (1.47, 1.36, -0.02)
[INFO] [1773652489.823574387]: 开始规划从 (9.45, -1.71, 1.99) 到 (1.47, 1.36, -0.02) 的路径
[INFO] [1773652489.823640139]: 开始为临时节点 32 查找连接
[INFO] [1773652489.823663752]: 找到第一个合法节点: 4，距离: 0.78
[INFO] [1773652489.823685829]: 第一个合法节点: 4, 第二层候选节点总数: 2
[INFO] [1773652489.823702723]: 创建合法连接: 临时节点32 -> 节点3, 代价: 2.78
[INFO] [1773652489.823771419]: 创建合法连接: 临时节点32 -> 节点4, 代价: 0.78
[INFO] [1773652489.823785049]: 创建合法连接: 临时节点32 -> 节点5, 代价: 3.93
[INFO] [1773652489.823796728]: 临时节点 32 成功连接到 3 个节点
[INFO] [1773652489.823809750]: 开始为临时节点 33 查找连接
[INFO] [1773652489.823824628]: 找到第一个合法节点: 1，距离: 2.00
[INFO] [1773652489.823837203]: 第一个合法节点: 1, 第二层候选节点总数: 2
[INFO] [1773652489.823848721]: 创建合法连接: 临时节点33 -> 节点0, 代价: 2.08
[INFO] [1773652489.823859536]: 创建合法连接: 临时节点33 -> 节点1, 代价: 2.00
[INFO] [1773652489.823870319]: 创建合法连接: 临时节点33 -> 节点2, 代价: 2.32
[INFO] [1773652489.823882093]: 临时节点 33 成功连接到 3 个节点
[INFO] [1773652489.823894188]: 起点到终点直线距离: 8.79 米
[INFO] [1773652489.823909866]: 直连判定: enable=true, distance=8.79 m, threshold=50.00 m, feasible=true
[INFO] [1773652489.823923432]: 添加起点到终点的直接连接，距离: 8.79 米
[INFO] [1773652489.823974594]: 在临时拓扑图中找到路径，包含 2 个节点
[INFO] [1773652489.824022172]: 构建完整路径完成，包含 21 个路径点
[INFO] [1773652489.824057176]: 发布全局路径，包含 21 个路径点
[INFO] [1773652523.823121425]: 收到点击目标点
[INFO] [1773652523.823213938]: 目标点位置: (1.31, -0.98, 0.01)
[INFO] [1773652523.823255264]: 开始规划从 (1.74, 1.36, 0.38) 到 (1.31, -0.98, 0.01) 的路径
[INFO] [1773652523.823313525]: 开始为临时节点 32 查找连接
[INFO] [1773652523.823349762]: 找到第一个合法节点: 2，距离: 2.10
[INFO] [1773652523.823379340]: 第一个合法节点: 2, 第二层候选节点总数: 2
[INFO] [1773652523.823405909]: 创建合法连接: 临时节点32 -> 节点1, 代价: 2.24
[INFO] [1773652523.823429950]: 创建合法连接: 临时节点32 -> 节点2, 代价: 2.10
[INFO] [1773652523.823454151]: 创建合法连接: 临时节点32 -> 节点3, 代价: 5.72
[INFO] [1773652523.823478607]: 临时节点 32 成功连接到 3 个节点
[INFO] [1773652523.823498710]: 开始为临时节点 33 查找连接
[INFO] [1773652523.823523103]: 找到第一个合法节点: 0，距离: 1.63
[INFO] [1773652523.823543750]: 第一个合法节点: 0, 第二层候选节点总数: 1
[INFO] [1773652523.823564045]: 创建合法连接: 临时节点33 -> 节点0, 代价: 1.63
[INFO] [1773652523.823583444]: 创建合法连接: 临时节点33 -> 节点1, 代价: 1.63
[INFO] [1773652523.823604315]: 临时节点 33 成功连接到 2 个节点
[INFO] [1773652523.823625091]: 起点到终点直线距离: 2.40 米
[INFO] [1773652523.823651020]: 直连判定: enable=true, distance=2.40 m, threshold=50.00 m, feasible=true
[INFO] [1773652523.823671763]: 添加起点到终点的直接连接，距离: 2.40 米
[INFO] [1773652523.823723077]: 在临时拓扑图中找到路径，包含 2 个节点
[INFO] [1773652523.823795967]: 构建完整路径完成，包含 21 个路径点
[INFO] [1773652523.824411960]: 发布全局路径，包含 21 个路径点
[INFO] [1773652528.822778781]: 收到点击目标点
[INFO] [1773652528.822842548]: 目标点位置: (8.96, 0.70, 2.01)
[INFO] [1773652528.822861626]: 开始规划从 (1.26, -0.76, 0.16) 到 (8.96, 0.70, 2.01) 的路径
[INFO] [1773652528.822893029]: 开始为临时节点 32 查找连接
[INFO] [1773652528.822936789]: 找到第一个合法节点: 1，距离: 1.48
[INFO] [1773652528.822953403]: 第一个合法节点: 1, 第二层候选节点总数: 2
[INFO] [1773652528.822963742]: 创建合法连接: 临时节点32 -> 节点0, 代价: 1.49
[INFO] [1773652528.822989639]: 创建合法连接: 临时节点32 -> 节点1, 代价: 1.48
[INFO] [1773652528.822998154]: 创建合法连接: 临时节点32 -> 节点2, 代价: 2.20
[INFO] [1773652528.823006317]: 临时节点 32 成功连接到 3 个节点
[INFO] [1773652528.823014800]: 开始为临时节点 33 查找连接
[INFO] [1773652528.823024948]: 找到第一个合法节点: 4，距离: 2.07
[INFO] [1773652528.823032759]: 第一个合法节点: 4, 第二层候选节点总数: 2
[INFO] [1773652528.823040153]: 创建合法连接: 临时节点33 -> 节点3, 代价: 2.25
[INFO] [1773652528.823048348]: 创建合法连接: 临时节点33 -> 节点4, 代价: 2.07
[INFO] [1773652528.823056095]: 创建合法连接: 临时节点33 -> 节点5, 代价: 6.36
[INFO] [1773652528.823063393]: 临时节点 33 成功连接到 3 个节点
[INFO] [1773652528.823070948]: 起点到终点直线距离: 8.05 米
[INFO] [1773652528.823080551]: 直连判定: enable=true, distance=8.05 m, threshold=50.00 m, feasible=true
[INFO] [1773652528.823088874]: 添加起点到终点的直接连接，距离: 8.05 米
[INFO] [1773652528.823108913]: 在临时拓扑图中找到路径，包含 2 个节点
[INFO] [1773652528.823173800]: 构建完整路径完成，包含 21 个路径点
[INFO] [1773652528.823198897]: 发布全局路径，包含 21 个路径点
[INFO] [1773652568.730418800]: 收到点击目标点
[INFO] [1773652568.730501074]: 目标点位置: (9.36, -1.91, 2.06)
[INFO] [1773652568.730528851]: 开始规划从 (8.76, 0.63, 1.95) 到 (9.36, -1.91, 2.06) 的路径
[INFO] [1773652568.730567252]: 开始为临时节点 32 查找连接
[INFO] [1773652568.730582036]: 找到第一个合法节点: 3，距离: 2.04
[INFO] [1773652568.730592884]: 第一个合法节点: 3, 第二层候选节点总数: 2
[INFO] [1773652568.730601557]: 创建合法连接: 临时节点32 -> 节点2, 代价: 5.73
[INFO] [1773652568.730609333]: 创建合法连接: 临时节点32 -> 节点3, 代价: 2.04
[INFO] [1773652568.730616981]: 创建合法连接: 临时节点32 -> 节点4, 代价: 2.12
[INFO] [1773652568.730624565]: 临时节点 32 成功连接到 3 个节点
[INFO] [1773652568.730632597]: 开始为临时节点 33 查找连接
[INFO] [1773652568.730641781]: 找到第一个合法节点: 4，距离: 1.00
[INFO] [1773652568.730649462]: 第一个合法节点: 4, 第二层候选节点总数: 2
[INFO] [1773652568.730657366]: 创建合法连接: 临时节点33 -> 节点3, 代价: 2.81
[INFO] [1773652568.730664758]: 创建合法连接: 临时节点33 -> 节点4, 代价: 1.00
[INFO] [1773652568.730671830]: 创建合法连接: 临时节点33 -> 节点5, 代价: 3.78
[INFO] [1773652568.730678870]: 临时节点 33 成功连接到 3 个节点
[INFO] [1773652568.730686582]: 起点到终点直线距离: 2.61 米
[INFO] [1773652568.730696599]: 直连判定: enable=true, distance=2.61 m, threshold=50.00 m, feasible=true
[INFO] [1773652568.730704695]: 添加起点到终点的直接连接，距离: 2.61 米
[INFO] [1773652568.730722679]: 在临时拓扑图中找到路径，包含 2 个节点
[INFO] [1773652568.730777176]: 构建完整路径完成，包含 21 个路径点
[INFO] [1773652568.730807353]: 发布全局路径，包含 21 个路径点
[INFO] [1773652573.822152904]: 收到点击目标点
[INFO] [1773652573.822231689]: 目标点位置: (1.47, 1.36, -0.02)
[INFO] [1773652573.822250858]: 开始规划从 (9.32, -1.65, 1.99) 到 (1.47, 1.36, -0.02) 的路径
[INFO] [1773652573.822299467]: 开始为临时节点 32 查找连接
[INFO] [1773652573.822316523]: 找到第一个合法节点: 4，距离: 0.84
[INFO] [1773652573.822327947]: 第一个合法节点: 4, 第二层候选节点总数: 2
[INFO] [1773652573.822337772]: 创建合法连接: 临时节点32 -> 节点3, 代价: 2.63
[INFO] [1773652573.822370668]: 创建合法连接: 临时节点32 -> 节点4, 代价: 0.84
[INFO] [1773652573.822379437]: 创建合法连接: 临时节点32 -> 节点5, 代价: 4.03
[INFO] [1773652573.822387405]: 临时节点 32 成功连接到 3 个节点
[INFO] [1773652573.822395661]: 开始为临时节点 33 查找连接
[INFO] [1773652573.822406061]: 找到第一个合法节点: 1，距离: 2.00
[INFO] [1773652573.822414573]: 第一个合法节点: 1, 第二层候选节点总数: 2
[INFO] [1773652573.822422670]: 创建合法连接: 临时节点33 -> 节点0, 代价: 2.08
[INFO] [1773652573.822437422]: 创建合法连接: 临时节点33 -> 节点1, 代价: 2.00
[INFO] [1773652573.822444878]: 创建合法连接: 临时节点33 -> 节点2, 代价: 2.32
[INFO] [1773652573.822452110]: 临时节点 33 成功连接到 3 个节点
[INFO] [1773652573.822459982]: 起点到终点直线距离: 8.64 米
[INFO] [1773652573.822469519]: 直连判定: enable=true, distance=8.64 m, threshold=50.00 m, feasible=true
[INFO] [1773652573.822477807]: 添加起点到终点的直接连接，距离: 8.64 米
[INFO] [1773652573.822506127]: 在临时拓扑图中找到路径，包含 2 个节点
[INFO] [1773652573.822546480]: 构建完整路径完成，包含 21 个路径点
[INFO] [1773652573.822575793]: 发布全局路径，包含 21 个路径点
[INFO] [1773652591.824015808]: 收到点击目标点
[INFO] [1773652591.824081697]: 目标点位置: (1.31, -0.98, 0.01)
[INFO] [1773652591.824102177]: 开始规划从 (1.70, 1.36, 0.65) 到 (1.31, -0.98, 0.01) 的路径
[INFO] [1773652591.824123138]: 开始为临时节点 32 查找连接
[INFO] [1773652591.824138562]: 找到第一个合法节点: 2，距离: 2.17
[INFO] [1773652591.824150947]: 第一个合法节点: 2, 第二层候选节点总数: 2
[INFO] [1773652591.824159651]: 创建合法连接: 临时节点32 -> 节点1, 代价: 2.27
[INFO] [1773652591.824167811]: 创建合法连接: 临时节点32 -> 节点2, 代价: 2.17
[INFO] [1773652591.824175427]: 创建合法连接: 临时节点32 -> 节点3, 代价: 5.71
[INFO] [1773652591.824182915]: 临时节点 32 成功连接到 3 个节点
[INFO] [1773652591.824190659]: 开始为临时节点 33 查找连接
[INFO] [1773652591.824200196]: 找到第一个合法节点: 0，距离: 1.63
[INFO] [1773652591.824208004]: 第一个合法节点: 0, 第二层候选节点总数: 1
[INFO] [1773652591.824216164]: 创建合法连接: 临时节点33 -> 节点0, 代价: 1.63
[INFO] [1773652591.824224068]: 创建合法连接: 临时节点33 -> 节点1, 代价: 1.63
[INFO] [1773652591.824231780]: 临时节点 33 成功连接到 2 个节点
[INFO] [1773652591.824239557]: 起点到终点直线距离: 2.45 米
[INFO] [1773652591.824250725]: 直连判定: enable=true, distance=2.45 m, threshold=50.00 m, feasible=true
[INFO] [1773652591.824259045]: 添加起点到终点的直接连接，距离: 2.45 米
[INFO] [1773652591.824276997]: 在临时拓扑图中找到路径，包含 2 个节点
[INFO] [1773652591.824305190]: 构建完整路径完成，包含 21 个路径点
[INFO] [1773652591.824338439]: 发布全局路径，包含 21 个路径点
[INFO] [1773652596.822497011]: 收到点击目标点
[INFO] [1773652596.822617590]: 目标点位置: (8.96, 0.70, 2.01)
[INFO] [1773652596.822645527]: 开始规划从 (1.25, -0.77, 0.29) 到 (8.96, 0.70, 2.01) 的路径
[INFO] [1773652596.822706392]: 开始为临时节点 32 查找连接
[INFO] [1773652596.822730617]: 找到第一个合法节点: 1，距离: 1.49
[INFO] [1773652596.822748793]: 第一个合法节点: 1, 第二层候选节点总数: 2
[INFO] [1773652596.822761145]: 创建合法连接: 临时节点32 -> 节点0, 代价: 1.51
[INFO] [1773652596.822811898]: 创建合法连接: 临时节点32 -> 节点1, 代价: 1.49
[INFO] [1773652596.822822779]: 创建合法连接: 临时节点32 -> 节点2, 代价: 2.21
[INFO] [1773652596.822834747]: 临时节点 32 成功连接到 3 个节点
[INFO] [1773652596.822845979]: 开始为临时节点 33 查找连接
[INFO] [1773652596.822859579]: 找到第一个合法节点: 4，距离: 2.07
[INFO] [1773652596.822871036]: 第一个合法节点: 4, 第二层候选节点总数: 2
[INFO] [1773652596.822881980]: 创建合法连接: 临时节点33 -> 节点3, 代价: 2.25
[INFO] [1773652596.822891932]: 创建合法连接: 临时节点33 -> 节点4, 代价: 2.07
[INFO] [1773652596.822925981]: 创建合法连接: 临时节点33 -> 节点5, 代价: 6.36
[INFO] [1773652596.834411870]: 临时节点 33 成功连接到 3 个节点
[INFO] [1773652596.834504096]: 起点到终点直线距离: 8.03 米
[INFO] [1773652596.834528160]: 直连判定: enable=true, distance=8.03 m, threshold=50.00 m, feasible=true
[INFO] [1773652596.834544737]: 添加起点到终点的直接连接，距离: 8.03 米
[INFO] [1773652596.834585569]: 在临时拓扑图中找到路径，包含 2 个节点
[INFO] [1773652596.834649891]: 构建完整路径完成，包含 21 个路径点
[INFO] [1773652596.834699396]: 发布全局路径，包含 21 个路径点
[INFO] [1773652618.810154559]: 收到点击目标点
[INFO] [1773652618.810216321]: 目标点位置: (9.36, -1.91, 2.06)
[INFO] [1773652618.810234401]: 开始规划从 (8.75, 0.64, 1.53) 到 (9.36, -1.91, 2.06) 的路径
[INFO] [1773652618.810260578]: 开始为临时节点 32 查找连接
[INFO] [1773652618.810277218]: 找到第一个合法节点: 3，距离: 2.04
[INFO] [1773652618.810291490]: 第一个合法节点: 3, 第二层候选节点总数: 2
[INFO] [1773652618.810310083]: 创建合法连接: 临时节点32 -> 节点2, 代价: 5.61
[INFO] [1773652618.810319267]: 创建合法连接: 临时节点32 -> 节点3, 代价: 2.04
[INFO] [1773652618.810327107]: 创建合法连接: 临时节点32 -> 节点4, 代价: 2.19
[INFO] [1773652618.810334915]: 临时节点 32 成功连接到 3 个节点
[INFO] [1773652618.810342948]: 开始为临时节点 33 查找连接
[INFO] [1773652618.810352356]: 找到第一个合法节点: 4，距离: 1.00
[INFO] [1773652618.810360420]: 第一个合法节点: 4, 第二层候选节点总数: 2
[INFO] [1773652618.810368228]: 创建合法连接: 临时节点33 -> 节点3, 代价: 2.81
[INFO] [1773652618.810376100]: 创建合法连接: 临时节点33 -> 节点4, 代价: 1.00
[INFO] [1773652618.810384132]: 创建合法连接: 临时节点33 -> 节点5, 代价: 3.78
[INFO] [1773652618.810391621]: 临时节点 33 成功连接到 3 个节点
[INFO] [1773652618.810399973]: 起点到终点直线距离: 2.67 米
[INFO] [1773652618.810409989]: 直连判定: enable=true, distance=2.67 m, threshold=50.00 m, feasible=true
[INFO] [1773652618.810418597]: 添加起点到终点的直接连接，距离: 2.67 米
[INFO] [1773652618.810439174]: 在临时拓扑图中找到路径，包含 2 个节点
[INFO] [1773652618.810482279]: 构建完整路径完成，包含 21 个路径点
[INFO] [1773652618.810511879]: 发布全局路径，包含 21 个路径点
[INFO] [1773652624.823184893]: 收到点击目标点
[INFO] [1773652624.823299967]: 目标点位置: (1.47, 1.36, -0.02)
[INFO] [1773652624.823331680]: 开始规划从 (9.32, -1.64, 1.83) 到 (1.47, 1.36, -0.02) 的路径
[INFO] [1773652624.823570117]: 开始为临时节点 32 查找连接
[INFO] [1773652624.823653159]: 找到第一个合法节点: 4，距离: 0.85
[INFO] [1773652624.823682984]: 第一个合法节点: 4, 第二层候选节点总数: 2
[INFO] [1773652624.823741289]: 创建合法连接: 临时节点32 -> 节点3, 代价: 2.62
[INFO] [1773652624.823767914]: 创建合法连接: 临时节点32 -> 节点4, 代价: 0.85
[INFO] [1773652624.823788586]: 创建合法连接: 临时节点32 -> 节点5, 代价: 4.05
[INFO] [1773652624.823806698]: 临时节点 32 成功连接到 3 个节点
[INFO] [1773652624.823824075]: 开始为临时节点 33 查找连接
[INFO] [1773652624.823851371]: 找到第一个合法节点: 1，距离: 2.00
[INFO] [1773652624.823868684]: 第一个合法节点: 1, 第二层候选节点总数: 2
[INFO] [1773652624.823885292]: 创建合法连接: 临时节点33 -> 节点0, 代价: 2.08
[INFO] [1773652624.823901133]: 创建合法连接: 临时节点33 -> 节点1, 代价: 2.00
[INFO] [1773652624.823915821]: 创建合法连接: 临时节点33 -> 节点2, 代价: 2.32
[INFO] [1773652624.823930573]: 临时节点 33 成功连接到 3 个节点
[INFO] [1773652624.823947278]: 起点到终点直线距离: 8.61 米
[INFO] [1773652624.823971278]: 直连判定: enable=true, distance=8.61 m, threshold=50.00 m, feasible=true
[INFO] [1773652624.823993839]: 添加起点到终点的直接连接，距离: 8.61 米
[INFO] [1773652624.824044688]: 在临时拓扑图中找到路径，包含 2 个节点
[INFO] [1773652624.824109521]: 构建完整路径完成，包含 21 个路径点
[INFO] [1773652624.824164018]: 发布全局路径，包含 21 个路径点
[INFO] [1773652646.821869560]: 收到点击目标点
[INFO] [1773652646.821949115]: 目标点位置: (1.31, -0.98, 0.01)
[INFO] [1773652646.821972476]: 开始规划从 (1.66, 1.33, 0.50) 到 (1.31, -0.98, 0.01) 的路径
[INFO] [1773652646.822000605]: 开始为临时节点 32 查找连接
[INFO] [1773652646.822019422]: 找到第一个合法节点: 2，距离: 2.15
[INFO] [1773652646.822035295]: 第一个合法节点: 2, 第二层候选节点总数: 2
[INFO] [1773652646.822048127]: 创建合法连接: 临时节点32 -> 节点1, 代价: 2.18
[INFO] [1773652646.822059648]: 创建合法连接: 临时节点32 -> 节点2, 代价: 2.15
[INFO] [1773652646.822070016]: 创建合法连接: 临时节点32 -> 节点3, 代价: 5.76
[INFO] [1773652646.822081216]: 临时节点 32 成功连接到 3 个节点
[INFO] [1773652646.822092129]: 开始为临时节点 33 查找连接
[INFO] [1773652646.822105985]: 找到第一个合法节点: 0，距离: 1.63
[INFO] [1773652646.822117090]: 第一个合法节点: 0, 第二层候选节点总数: 1
[INFO] [1773652646.822127714]: 创建合法连接: 临时节点33 -> 节点0, 代价: 1.63
[INFO] [1773652646.822138018]: 创建合法连接: 临时节点33 -> 节点1, 代价: 1.63
[INFO] [1773652646.822149539]: 临时节点 33 成功连接到 2 个节点
[INFO] [1773652646.822160259]: 起点到终点直线距离: 2.38 米
[INFO] [1773652646.822175204]: 直连判定: enable=true, distance=2.38 m, threshold=50.00 m, feasible=true
[INFO] [1773652646.822185924]: 添加起点到终点的直接连接，距离: 2.38 米
[INFO] [1773652646.822209509]: 在临时拓扑图中找到路径，包含 2 个节点
[INFO] [1773652646.822246599]: 构建完整路径完成，包含 21 个路径点
[INFO] [1773652646.822291560]: 发布全局路径，包含 21 个路径点
[INFO] [1773652651.822227200]: 收到点击目标点
[INFO] [1773652651.822289859]: 目标点位置: (8.96, 0.70, 2.01)
[INFO] [1773652651.822309092]: 开始规划从 (1.26, -0.76, 0.21) 到 (8.96, 0.70, 2.01) 的路径
[INFO] [1773652651.822345701]: 开始为临时节点 32 查找连接
[INFO] [1773652651.822363558]: 找到第一个合法节点: 1，距离: 1.48
[INFO] [1773652651.822377734]: 第一个合法节点: 1, 第二层候选节点总数: 2
[INFO] [1773652651.822389351]: 创建合法连接: 临时节点32 -> 节点0, 代价: 1.49
[INFO] [1773652651.822425000]: 创建合法连接: 临时节点32 -> 节点1, 代价: 1.48
[INFO] [1773652651.822436104]: 创建合法连接: 临时节点32 -> 节点2, 代价: 2.20
[INFO] [1773652651.822446985]: 临时节点 32 成功连接到 3 个节点
[INFO] [1773652651.822457545]: 开始为临时节点 33 查找连接
[INFO] [1773652651.822479370]: 找到第一个合法节点: 4，距离: 2.07
[INFO] [1773652651.822491242]: 第一个合法节点: 4, 第二层候选节点总数: 2
[INFO] [1773652651.822502187]: 创建合法连接: 临时节点33 -> 节点3, 代价: 2.25
[INFO] [1773652651.822512715]: 创建合法连接: 临时节点33 -> 节点4, 代价: 2.07
[INFO] [1773652651.822522924]: 创建合法连接: 临时节点33 -> 节点5, 代价: 6.36
[INFO] [1773652651.822533516]: 临时节点 33 成功连接到 3 个节点
[INFO] [1773652651.822545452]: 起点到终点直线距离: 8.04 米
[INFO] [1773652651.822558797]: 直连判定: enable=true, distance=8.04 m, threshold=50.00 m, feasible=true
[INFO] [1773652651.822570157]: 添加起点到终点的直接连接，距离: 8.04 米
[INFO] [1773652651.822595598]: 在临时拓扑图中找到路径，包含 2 个节点
[INFO] [1773652651.822657713]: 构建完整路径完成，包含 21 个路径点
[INFO] [1773652651.822696018]: 发布全局路径，包含 21 个路径点
[INFO] [1773652684.906116361]: 收到点击目标点
[INFO] [1773652684.906184940]: 目标点位置: (9.36, -1.91, 2.06)
[INFO] [1773652684.906203469]: 开始规划从 (8.76, 0.59, 1.83) 到 (9.36, -1.91, 2.06) 的路径
[INFO] [1773652684.906240878]: 开始为临时节点 32 查找连接
[INFO] [1773652684.906261999]: 找到第一个合法节点: 3，距离: 2.01
[INFO] [1773652684.906274543]: 第一个合法节点: 3, 第二层候选节点总数: 2
[INFO] [1773652684.906292208]: 创建合法连接: 临时节点32 -> 节点2, 代价: 5.69
[INFO] [1773652684.906301040]: 创建合法连接: 临时节点32 -> 节点3, 代价: 2.01
[INFO] [1773652684.906309073]: 创建合法连接: 临时节点32 -> 节点4, 代价: 2.09
[INFO] [1773652684.906318193]: 临时节点 32 成功连接到 3 个节点
[INFO] [1773652684.906327089]: 开始为临时节点 33 查找连接
[INFO] [1773652684.906337650]: 找到第一个合法节点: 4，距离: 1.00
[INFO] [1773652684.906350834]: 第一个合法节点: 4, 第二层候选节点总数: 2
[INFO] [1773652684.906359219]: 创建合法连接: 临时节点33 -> 节点3, 代价: 2.81
[INFO] [1773652684.906370995]: 创建合法连接: 临时节点33 -> 节点4, 代价: 1.00
[INFO] [1773652684.906384020]: 创建合法连接: 临时节点33 -> 节点5, 代价: 3.78
[INFO] [1773652684.906398196]: 临时节点 33 成功连接到 3 个节点
[INFO] [1773652684.906408181]: 起点到终点直线距离: 2.58 米
[INFO] [1773652684.906420245]: 直连判定: enable=true, distance=2.58 m, threshold=50.00 m, feasible=true
[INFO] [1773652684.906428853]: 添加起点到终点的直接连接，距离: 2.58 米
[INFO] [1773652684.906451254]: 在临时拓扑图中找到路径，包含 2 个节点
[INFO] [1773652684.906487032]: 构建完整路径完成，包含 21 个路径点
[INFO] [1773652684.906611644]: 发布全局路径，包含 21 个路径点
[INFO] [1773652691.822638916]: 收到点击目标点
[INFO] [1773652691.822704583]: 目标点位置: (1.47, 1.36, -0.02)
[INFO] [1773652691.822722312]: 开始规划从 (9.37, -1.70, 1.96) 到 (1.47, 1.36, -0.02) 的路径
[INFO] [1773652691.822746697]: 开始为临时节点 32 查找连接
[INFO] [1773652691.822763209]: 找到第一个合法节点: 4，距离: 0.83
[INFO] [1773652691.822781226]: 第一个合法节点: 4, 第二层候选节点总数: 2
[INFO] [1773652691.822806091]: 创建合法连接: 临时节点32 -> 节点3, 代价: 2.70
[INFO] [1773652691.822815051]: 创建合法连接: 临时节点32 -> 节点4, 代价: 0.83
[INFO] [1773652691.822822475]: 创建合法连接: 临时节点32 -> 节点5, 代价: 3.97
[INFO] [1773652691.822830988]: 临时节点 32 成功连接到 3 个节点
[INFO] [1773652691.822838892]: 开始为临时节点 33 查找连接
[INFO] [1773652691.822848620]: 找到第一个合法节点: 1，距离: 2.00
[INFO] [1773652691.822857389]: 第一个合法节点: 1, 第二层候选节点总数: 2
[INFO] [1773652691.822866029]: 创建合法连接: 临时节点33 -> 节点0, 代价: 2.08
[INFO] [1773652691.822873901]: 创建合法连接: 临时节点33 -> 节点1, 代价: 2.00
[INFO] [1773652691.822881294]: 创建合法连接: 临时节点33 -> 节点2, 代价: 2.32
[INFO] [1773652691.822889006]: 临时节点 33 成功连接到 3 个节点
[INFO] [1773652691.822897134]: 起点到终点直线距离: 8.70 米
[INFO] [1773652691.822937136]: 直连判定: enable=true, distance=8.70 m, threshold=50.00 m, feasible=true
[INFO] [1773652691.822947856]: 添加起点到终点的直接连接，距离: 8.70 米
[INFO] [1773652691.822968049]: 在临时拓扑图中找到路径，包含 2 个节点
[INFO] [1773652691.822997682]: 构建完整路径完成，包含 21 个路径点
[INFO] [1773652691.823021683]: 发布全局路径，包含 21 个路径点
[INFO] [1773652716.821913669]: 收到点击目标点
[INFO] [1773652716.822091212]: 目标点位置: (1.31, -0.98, 0.01)
[INFO] [1773652716.822122125]: 开始规划从 (1.66, 1.31, 0.49) 到 (1.31, -0.98, 0.01) 的路径
[INFO] [1773652716.822155855]: 开始为临时节点 32 查找连接
[INFO] [1773652716.822170415]: 找到第一个合法节点: 2，距离: 2.14
[INFO] [1773652716.822182288]: 第一个合法节点: 2, 第二层候选节点总数: 2
[INFO] [1773652716.822190800]: 创建合法连接: 临时节点32 -> 节点1, 代价: 2.17
[INFO] [1773652716.822198800]: 创建合法连接: 临时节点32 -> 节点2, 代价: 2.14
[INFO] [1773652716.822206417]: 创建合法连接: 临时节点32 -> 节点3, 代价: 5.75
[INFO] [1773652716.822214289]: 临时节点 32 成功连接到 3 个节点
[INFO] [1773652716.822287252]: 开始为临时节点 33 查找连接
[INFO] [1773652716.822324309]: 找到第一个合法节点: 0，距离: 1.63
[INFO] [1773652716.822335350]: 第一个合法节点: 0, 第二层候选节点总数: 1
[INFO] [1773652716.822344022]: 创建合法连接: 临时节点33 -> 节点0, 代价: 1.63
[INFO] [1773652716.822351734]: 创建合法连接: 临时节点33 -> 节点1, 代价: 1.63
[INFO] [1773652716.822359575]: 临时节点 33 成功连接到 2 个节点
[INFO] [1773652716.822368087]: 起点到终点直线距离: 2.36 米
[INFO] [1773652716.822378520]: 直连判定: enable=true, distance=2.36 m, threshold=50.00 m, feasible=true
[INFO] [1773652716.822386552]: 添加起点到终点的直接连接，距离: 2.36 米
[INFO] [1773652716.822406137]: 在临时拓扑图中找到路径，包含 2 个节点
[INFO] [1773652716.822437370]: 构建完整路径完成，包含 21 个路径点
[INFO] [1773652716.822467707]: 发布全局路径，包含 21 个路径点
[INFO] [1773652721.822369420]: 收到点击目标点
[INFO] [1773652721.822437839]: 目标点位置: (8.96, 0.70, 2.01)
[INFO] [1773652721.822467312]: 开始规划从 (1.26, -0.73, 0.21) 到 (8.96, 0.70, 2.01) 的路径
[INFO] [1773652721.822504850]: 开始为临时节点 32 查找连接
[INFO] [1773652721.822527955]: 找到第一个合法节点: 1，距离: 1.47
[INFO] [1773652721.822546771]: 第一个合法节点: 1, 第二层候选节点总数: 2
[INFO] [1773652721.822574645]: 创建合法连接: 临时节点32 -> 节点0, 代价: 1.49
[INFO] [1773652721.822609302]: 创建合法连接: 临时节点32 -> 节点1, 代价: 1.47
[INFO] [1773652721.822621494]: 创建合法连接: 临时节点32 -> 节点2, 代价: 2.19
[INFO] [1773652721.822638807]: 临时节点 32 成功连接到 3 个节点
[INFO] [1773652721.822655320]: 开始为临时节点 33 查找连接
[INFO] [1773652721.822673624]: 找到第一个合法节点: 4，距离: 2.07
[INFO] [1773652721.822689849]: 第一个合法节点: 4, 第二层候选节点总数: 2
[INFO] [1773652721.822708986]: 创建合法连接: 临时节点33 -> 节点3, 代价: 2.25
[INFO] [1773652721.822720218]: 创建合法连接: 临时节点33 -> 节点4, 代价: 2.07
[INFO] [1773652721.822731451]: 创建合法连接: 临时节点33 -> 节点5, 代价: 6.36
[INFO] [1773652721.822742939]: 临时节点 33 成功连接到 3 个节点
[INFO] [1773652721.822754204]: 起点到终点直线距离: 8.03 米
[INFO] [1773652721.822767964]: 直连判定: enable=true, distance=8.03 m, threshold=50.00 m, feasible=true
[INFO] [1773652721.822779741]: 添加起点到终点的直接连接，距离: 8.03 米
[INFO] [1773652721.822808318]: 在临时拓扑图中找到路径，包含 2 个节点
[INFO] [1773652721.822849568]: 构建完整路径完成，包含 21 个路径点
[INFO] [1773652721.822877857]: 发布全局路径，包含 21 个路径点
[INFO] [1773652844.533570111]: 收到点击目标点
[INFO] [1773652844.534052316]: 目标点位置: (8.94, -2.33, 2.07)
[INFO] [1773652844.534092318]: 开始规划从 (9.73, 1.31, 1.86) 到 (8.94, -2.33, 2.07) 的路径
[INFO] [1773652844.534144737]: 开始为临时节点 32 查找连接
[INFO] [1773652844.534164674]: 找到第一个合法节点: 30，距离: 1.24
[INFO] [1773652844.534180803]: 第一个合法节点: 30, 第二层候选节点总数: 1
[INFO] [1773652844.534196228]: 创建合法连接: 临时节点32 -> 节点29, 代价: 1.25
[INFO] [1773652844.534209061]: 创建合法连接: 临时节点32 -> 节点30, 代价: 1.24
[INFO] [1773652844.534220774]: 临时节点 32 成功连接到 2 个节点
[INFO] [1773652844.534233575]: 开始为临时节点 33 查找连接
[INFO] [1773652844.534249576]: 找到第一个合法节点: 4，距离: 1.59
[INFO] [1773652844.534261864]: 第一个合法节点: 4, 第二层候选节点总数: 2
[INFO] [1773652844.534275273]: 创建合法连接: 临时节点33 -> 节点3, 代价: 2.75
[INFO] [1773652844.534287466]: 创建合法连接: 临时节点33 -> 节点4, 代价: 1.59
[INFO] [1773652844.534299627]: 创建合法连接: 临时节点33 -> 节点5, 代价: 3.62
[INFO] [1773652844.534311499]: 临时节点 33 成功连接到 3 个节点
[INFO] [1773652844.534323628]: 起点到终点直线距离: 3.73 米
[INFO] [1773652844.534338317]: 直连判定: enable=true, distance=3.73 m, threshold=50.00 m, feasible=true
[INFO] [1773652844.534352334]: 添加起点到终点的直接连接，距离: 3.73 米
[INFO] [1773652844.534381136]: 在临时拓扑图中找到路径，包含 2 个节点
[INFO] [1773652844.534426290]: 构建完整路径完成，包含 21 个路径点
[INFO] [1773652844.534468981]: 发布全局路径，包含 21 个路径点
[INFO] [1773652876.822997681]: 收到点击目标点
[INFO] [1773652876.823120152]: 目标点位置: (1.60, 1.71, -0.05)
[INFO] [1773652876.823152570]: 开始规划从 (8.94, -2.07, 2.02) 到 (1.60, 1.71, -0.05) 的路径
[INFO] [1773652876.823233023]: 开始为临时节点 32 查找连接
[INFO] [1773652876.823263009]: 找到第一个合法节点: 4，距离: 1.40
[INFO] [1773652876.823285378]: 第一个合法节点: 4, 第二层候选节点总数: 2
[INFO] [1773652876.823304740]: 创建合法连接: 临时节点32 -> 节点3, 代价: 2.57
[INFO] [1773652876.823348518]: 创建合法连接: 临时节点32 -> 节点4, 代价: 1.40
[INFO] [1773652876.823366439]: 创建合法连接: 临时节点32 -> 节点5, 代价: 3.84
[INFO] [1773652876.823382920]: 临时节点 32 成功连接到 3 个节点
[INFO] [1773652876.823400681]: 开始为临时节点 33 查找连接
[INFO] [1773652876.823435916]: 找到第一个合法节点: 1，距离: 2.34
[INFO] [1773652876.823455469]: 第一个合法节点: 1, 第二层候选节点总数: 2
[INFO] [1773652876.823472942]: 创建合法连接: 临时节点33 -> 节点0, 代价: 2.42
[INFO] [1773652876.823489999]: 创建合法连接: 临时节点33 -> 节点1, 代价: 2.34
[INFO] [1773652876.823507216]: 创建合法连接: 临时节点33 -> 节点2, 代价: 2.46
[INFO] [1773652876.823523409]: 临时节点 33 成功连接到 3 个节点
[INFO] [1773652876.823541138]: 起点到终点直线距离: 8.51 米
[INFO] [1773652876.823564915]: 直连判定: enable=true, distance=8.51 m, threshold=50.00 m, feasible=true
[INFO] [1773652876.823584148]: 添加起点到终点的直接连接，距离: 8.51 米
[INFO] [1773652876.823629303]: 在临时拓扑图中找到路径，包含 2 个节点
[INFO] [1773652876.823709852]: 构建完整路径完成，包含 21 个路径点
[INFO] [1773652876.823753375]: 发布全局路径，包含 21 个路径点
[INFO] [1773652907.823246634]: 收到点击目标点
[INFO] [1773652907.823308174]: 目标点位置: (0.51, -1.21, 0.01)
[INFO] [1773652907.823324399]: 开始规划从 (1.84, 1.63, 0.46) 到 (0.51, -1.21, 0.01) 的路径
[INFO] [1773652907.823346865]: 开始为临时节点 32 查找连接
[INFO] [1773652907.823360594]: 找到第一个合法节点: 2，距离: 2.22
[INFO] [1773652907.823373202]: 第一个合法节点: 2, 第二层候选节点总数: 2
[INFO] [1773652907.823382387]: 创建合法连接: 临时节点32 -> 节点1, 代价: 2.50
[INFO] [1773652907.823390163]: 创建合法连接: 临时节点32 -> 节点2, 代价: 2.22
[INFO] [1773652907.823398004]: 创建合法连接: 临时节点32 -> 节点3, 代价: 5.70
[INFO] [1773652907.823405748]: 临时节点 32 成功连接到 3 个节点
[INFO] [1773652907.823414101]: 开始为临时节点 33 查找连接
[INFO] [1773652907.823423478]: 找到第一个合法节点: 0，距离: 1.27
[INFO] [1773652907.823431382]: 第一个合法节点: 0, 第二层候选节点总数: 1
[INFO] [1773652907.823438967]: 创建合法连接: 临时节点33 -> 节点0, 代价: 1.27
[INFO] [1773652907.823446487]: 创建合法连接: 临时节点33 -> 节点1, 代价: 1.31
[INFO] [1773652907.823453687]: 临时节点 33 成功连接到 2 个节点
[INFO] [1773652907.823461528]: 起点到终点直线距离: 3.17 米
[INFO] [1773652907.823471577]: 直连判定: enable=true, distance=3.17 m, threshold=50.00 m, feasible=true
[INFO] [1773652907.823479961]: 添加起点到终点的直接连接，距离: 3.17 米
[INFO] [1773652907.823498586]: 在临时拓扑图中找到路径，包含 2 个节点
[INFO] [1773652907.823526396]: 构建完整路径完成，包含 21 个路径点
[INFO] [1773652907.823557822]: 发布全局路径，包含 21 个路径点
[INFO] [1773652913.822077063]: 收到点击目标点
[INFO] [1773652913.822138186]: 目标点位置: (9.73, 1.32, 1.98)
[INFO] [1773652913.822154059]: 开始规划从 (0.55, -0.96, 0.17) 到 (9.73, 1.32, 1.98) 的路径
[INFO] [1773652913.822187822]: 开始为临时节点 32 查找连接
[INFO] [1773652913.822203119]: 找到第一个合法节点: 0，距离: 1.09
[INFO] [1773652913.822213423]: 第一个合法节点: 0, 第二层候选节点总数: 1
[INFO] [1773652913.822221872]: 创建合法连接: 临时节点32 -> 节点0, 代价: 1.09
[INFO] [1773652913.822229424]: 创建合法连接: 临时节点32 -> 节点1, 代价: 1.12
[INFO] [1773652913.822254898]: 临时节点 32 成功连接到 2 个节点
[INFO] [1773652913.822263730]: 开始为临时节点 33 查找连接
[INFO] [1773652913.822273331]: 找到第一个合法节点: 30，距离: 1.23
[INFO] [1773652913.822282004]: 第一个合法节点: 30, 第二层候选节点总数: 1
[INFO] [1773652913.822289716]: 创建合法连接: 临时节点33 -> 节点29, 代价: 1.23
[INFO] [1773652913.822297237]: 创建合法连接: 临时节点33 -> 节点30, 代价: 1.23
[INFO] [1773652913.822304725]: 临时节点 33 成功连接到 2 个节点
[INFO] [1773652913.822312661]: 起点到终点直线距离: 9.64 米
[INFO] [1773652913.822322102]: 直连判定: enable=true, distance=9.64 m, threshold=50.00 m, feasible=true
[INFO] [1773652913.822330967]: 添加起点到终点的直接连接，距离: 9.64 米
[INFO] [1773652913.822351096]: 在临时拓扑图中找到路径，包含 2 个节点
[INFO] [1773652913.822379162]: 构建完整路径完成，包含 21 个路径点
[INFO] [1773652913.822407804]: 发布全局路径，包含 21 个路径点
[INFO] [1773652961.401889204]: 收到点击目标点
[INFO] [1773652961.401973399]: 目标点位置: (8.94, -2.33, 2.07)
[INFO] [1773652961.401990903]: 开始规划从 (9.48, 1.29, 1.84) 到 (8.94, -2.33, 2.07) 的路径
[INFO] [1773652961.402032185]: 开始为临时节点 32 查找连接
[INFO] [1773652961.402046681]: 找到第一个合法节点: 30，距离: 1.49
[INFO] [1773652961.402057626]: 第一个合法节点: 30, 第二层候选节点总数: 1
[INFO] [1773652961.402066714]: 创建合法连接: 临时节点32 -> 节点29, 代价: 1.49
[INFO] [1773652961.402074266]: 创建合法连接: 临时节点32 -> 节点30, 代价: 1.49
[INFO] [1773652961.402081914]: 临时节点 32 成功连接到 2 个节点
[INFO] [1773652961.402089499]: 开始为临时节点 33 查找连接
[INFO] [1773652961.402098331]: 找到第一个合法节点: 4，距离: 1.59
[INFO] [1773652961.402106459]: 第一个合法节点: 4, 第二层候选节点总数: 2
[INFO] [1773652961.402114075]: 创建合法连接: 临时节点33 -> 节点3, 代价: 2.75
[INFO] [1773652961.402121340]: 创建合法连接: 临时节点33 -> 节点4, 代价: 1.59
[INFO] [1773652961.402128764]: 创建合法连接: 临时节点33 -> 节点5, 代价: 3.62
[INFO] [1773652961.402136060]: 临时节点 33 成功连接到 3 个节点
[INFO] [1773652961.402143709]: 起点到终点直线距离: 3.67 米
[INFO] [1773652961.402154141]: 直连判定: enable=true, distance=3.67 m, threshold=50.00 m, feasible=true
[INFO] [1773652961.402162525]: 添加起点到终点的直接连接，距离: 3.67 米
[INFO] [1773652961.402180958]: 在临时拓扑图中找到路径，包含 2 个节点
[INFO] [1773652961.402210495]: 构建完整路径完成，包含 21 个路径点
[INFO] [1773652961.402245984]: 发布全局路径，包含 21 个路径点
[INFO] [1773652969.822896728]: 收到点击目标点
[INFO] [1773652969.823012924]: 目标点位置: (1.60, 1.71, -0.05)
[INFO] [1773652969.823043709]: 开始规划从 (8.93, -2.12, 1.97) 到 (1.60, 1.71, -0.05) 的路径
[INFO] [1773652969.823094207]: 开始为临时节点 32 查找连接
[INFO] [1773652969.823120768]: 找到第一个合法节点: 4，距离: 1.44
[INFO] [1773652969.823141312]: 第一个合法节点: 4, 第二层候选节点总数: 2
[INFO] [1773652969.823159521]: 创建合法连接: 临时节点32 -> 节点3, 代价: 2.59
[INFO] [1773652969.823176002]: 创建合法连接: 临时节点32 -> 节点4, 代价: 1.44
[INFO] [1773652969.823191714]: 创建合法连接: 临时节点32 -> 节点5, 代价: 3.80
[INFO] [1773652969.823208323]: 临时节点 32 成功连接到 3 个节点
[INFO] [1773652969.823252196]: 开始为临时节点 33 查找连接
[INFO] [1773652969.823273925]: 找到第一个合法节点: 1，距离: 2.34
[INFO] [1773652969.823723445]: 第一个合法节点: 1, 第二层候选节点总数: 2
[INFO] [1773652969.823757462]: 创建合法连接: 临时节点33 -> 节点0, 代价: 2.42
[INFO] [1773652969.823773366]: 创建合法连接: 临时节点33 -> 节点1, 代价: 2.34
[INFO] [1773652969.823788471]: 创建合法连接: 临时节点33 -> 节点2, 代价: 2.46
[INFO] [1773652969.823803415]: 临时节点 33 成功连接到 3 个节点
[INFO] [1773652969.823819800]: 起点到终点直线距离: 8.52 米
[INFO] [1773652969.823838553]: 直连判定: enable=true, distance=8.52 m, threshold=50.00 m, feasible=true
[INFO] [1773652969.823853977]: 添加起点到终点的直接连接，距离: 8.52 米
[INFO] [1773652969.823892378]: 在临时拓扑图中找到路径，包含 2 个节点
[INFO] [1773652969.823941180]: 构建完整路径完成，包含 21 个路径点
[INFO] [1773652969.824061824]: 发布全局路径，包含 21 个路径点
[INFO] [1773652993.822606265]: 收到点击目标点
[INFO] [1773652993.822727485]: 目标点位置: (0.51, -1.21, 0.01)
[INFO] [1773652993.822761119]: 开始规划从 (1.76, 1.51, 0.36) 到 (0.51, -1.21, 0.01) 的路径
[INFO] [1773652993.822819745]: 开始为临时节点 32 查找连接
[INFO] [1773652993.822848098]: 找到第一个合法节点: 2，距离: 2.19
[INFO] [1773652993.822870914]: 第一个合法节点: 2, 第二层候选节点总数: 2
[INFO] [1773652993.822889539]: 创建合法连接: 临时节点32 -> 节点1, 代价: 2.35
[INFO] [1773652993.822959461]: 创建合法连接: 临时节点32 -> 节点2, 代价: 2.19
[INFO] [1773652993.822979142]: 创建合法连接: 临时节点32 -> 节点3, 代价: 5.76
[INFO] [1773652993.822995271]: 临时节点 32 成功连接到 3 个节点
[INFO] [1773652993.823010503]: 开始为临时节点 33 查找连接
[INFO] [1773652993.823039720]: 找到第一个合法节点: 0，距离: 1.27
[INFO] [1773652993.823057097]: 第一个合法节点: 0, 第二层候选节点总数: 1
[INFO] [1773652993.823072393]: 创建合法连接: 临时节点33 -> 节点0, 代价: 1.27
[INFO] [1773652993.823086826]: 创建合法连接: 临时节点33 -> 节点1, 代价: 1.31
[INFO] [1773652993.823100970]: 临时节点 33 成功连接到 2 个节点
[INFO] [1773652993.823117547]: 起点到终点直线距离: 3.02 米
[INFO] [1773652993.823137996]: 直连判定: enable=true, distance=3.02 m, threshold=50.00 m, feasible=true
[INFO] [1773652993.823153836]: 添加起点到终点的直接连接，距离: 3.02 米
[INFO] [1773652993.823192014]: 在临时拓扑图中找到路径，包含 2 个节点
[INFO] [1773652993.823246831]: 构建完整路径完成，包含 21 个路径点
[INFO] [1773652993.823309490]: 发布全局路径，包含 21 个路径点
[INFO] [1773653000.822424198]: 收到点击目标点
[INFO] [1773653000.822540842]: 目标点位置: (9.73, 1.32, 1.98)
[INFO] [1773653000.822569355]: 开始规划从 (0.54, -0.96, 0.11) 到 (9.73, 1.32, 1.98) 的路径
[INFO] [1773653000.822646702]: 开始为临时节点 32 查找连接
[INFO] [1773653000.822678735]: 找到第一个合法节点: 0，距离: 1.08
[INFO] [1773653000.822700112]: 第一个合法节点: 0, 第二层候选节点总数: 1
[INFO] [1773653000.822716336]: 创建合法连接: 临时节点32 -> 节点0, 代价: 1.08
[INFO] [1773653000.822736721]: 创建合法连接: 临时节点32 -> 节点1, 代价: 1.11
[INFO] [1773653000.822751410]: 临时节点 32 成功连接到 2 个节点
[INFO] [1773653000.822765234]: 开始为临时节点 33 查找连接
[INFO] [1773653000.822780947]: 找到第一个合法节点: 30，距离: 1.23
[INFO] [1773653000.822833108]: 第一个合法节点: 30, 第二层候选节点总数: 1
[INFO] [1773653000.822847797]: 创建合法连接: 临时节点33 -> 节点29, 代价: 1.23
[INFO] [1773653000.822871414]: 创建合法连接: 临时节点33 -> 节点30, 代价: 1.23
[INFO] [1773653000.822884790]: 临时节点 33 成功连接到 2 个节点
[INFO] [1773653000.822898967]: 起点到终点直线距离: 9.65 米
[INFO] [1773653000.822978266]: 直连判定: enable=true, distance=9.65 m, threshold=50.00 m, feasible=true
[INFO] [1773653000.822996730]: 添加起点到终点的直接连接，距离: 9.65 米
[INFO] [1773653000.823038012]: 在临时拓扑图中找到路径，包含 2 个节点
[INFO] [1773653000.823091421]: 构建完整路径完成，包含 21 个路径点
[INFO] [1773653000.823134495]: 发布全局路径，包含 21 个路径点
[INFO] [1773653078.251122604]: 收到点击目标点
[INFO] [1773653078.251201163]: 目标点位置: (9.63, -0.10, 2.02)
[INFO] [1773653078.251220715]: 开始规划从 (1.12, 0.86, 0.19) 到 (9.63, -0.10, 2.02) 的路径
[INFO] [1773653078.251248331]: 开始为临时节点 32 查找连接
[INFO] [1773653078.251262314]: 找到第一个合法节点: 1，距离: 1.43
[INFO] [1773653078.251272842]: 第一个合法节点: 1, 第二层候选节点总数: 2
[INFO] [1773653078.251281354]: 创建合法连接: 临时节点32 -> 节点0, 代价: 1.51
[INFO] [1773653078.251289834]: 创建合法连接: 临时节点32 -> 节点1, 代价: 1.43
[INFO] [1773653078.251297642]: 创建合法连接: 临时节点32 -> 节点2, 代价: 2.37
[INFO] [1773653078.251305322]: 临时节点 32 成功连接到 3 个节点
[INFO] [1773653078.251314122]: 开始为临时节点 33 查找连接
[INFO] [1773653078.251323850]: 找到第一个合法节点: 4，距离: 1.07
[INFO] [1773653078.251331785]: 第一个合法节点: 4, 第二层候选节点总数: 2
[INFO] [1773653078.251339721]: 创建合法连接: 临时节点33 -> 节点3, 代价: 2.65
[INFO] [1773653078.251348073]: 创建合法连接: 临时节点33 -> 节点4, 代价: 1.07
[INFO] [1773653078.251356137]: 创建合法连接: 临时节点33 -> 节点5, 代价: 5.40
[INFO] [1773653078.251364041]: 临时节点 33 成功连接到 3 个节点
[INFO] [1773653078.251372105]: 起点到终点直线距离: 8.76 米
[INFO] [1773653078.251381833]: 直连判定: enable=true, distance=8.76 m, threshold=50.00 m, feasible=true
[INFO] [1773653078.251390569]: 添加起点到终点的直接连接，距离: 8.76 米
[INFO] [1773653078.251412968]: 在临时拓扑图中找到路径，包含 2 个节点
[INFO] [1773653078.251446504]: 构建完整路径完成，包含 21 个路径点
[INFO] [1773653078.251527079]: 发布全局路径，包含 21 个路径点
[INFO] [1773653098.822452006]: 收到点击目标点
[INFO] [1773653098.822528165]: 目标点位置: (1.12, 0.87, -0.03)
[INFO] [1773653098.822560901]: 开始规划从 (9.36, -0.05, 1.43) 到 (1.12, 0.87, -0.03) 的路径
[INFO] [1773653098.822590821]: 开始为临时节点 32 查找连接
[INFO] [1773653098.822612293]: 找到第一个合法节点: 4，距离: 1.37
[INFO] [1773653098.822628677]: 第一个合法节点: 4, 第二层候选节点总数: 2
[INFO] [1773653098.822644453]: 创建合法连接: 临时节点32 -> 节点3, 代价: 2.38
[INFO] [1773653098.822657540]: 创建合法连接: 临时节点32 -> 节点4, 代价: 1.37
[INFO] [1773653098.822671268]: 创建合法连接: 临时节点32 -> 节点5, 代价: 5.56
[INFO] [1773653098.822684228]: 临时节点 32 成功连接到 3 个节点
[INFO] [1773653098.822701284]: 开始为临时节点 33 查找连接
[INFO] [1773653098.822719716]: 找到第一个合法节点: 1，距离: 1.4[INFO] [1773652421.449202319]: 启动路径平滑节点...
[INFO] [1773652421.581677136]: PathSmoother initialized with parameters:
[INFO] [1773652421.583852514]:   - Global frame: map
[INFO] [1773652421.583896196]:   - Smoothing factor: 1.000
[INFO] [1773652421.583909892]:   - Smoothing iterations: 3
[INFO] [1773652421.583922789]:   - Neighbor radius: 1.000 m
[INFO] [1773652421.583942150]:   - Min point distance: 0.500 m
[INFO] [1773652421.583957894]:   - Max deviation: 1.500 m
[INFO] [1773652421.583974087]:   - Point filtering: enabled
[INFO] [1773652421.583991816]:   - Visualization: enabled
[INFO] [1773652421.584055562]: 路径平滑节点启动成功
[INFO] [1773652480.036946304]: Path smoothed: 21->11 points, 0.2ms, length: 5.79->5.79 m, max_dev: 0.000 m, smoothness: 0.000
[INFO] [1773652489.824624466]: Path smoothed: 21->11 points, 0.1ms, length: 8.55->8.55 m, max_dev: 0.000 m, smoothness: 0.000
[INFO] [1773652523.824918763]: Path smoothed: 21->5 points, 0.1ms, length: 2.37->2.37 m, max_dev: 0.000 m, smoothness: 0.000
[INFO] [1773652528.823882306]: Path smoothed: 21->11 points, 0.0ms, length: 7.83->7.83 m, max_dev: 0.000 m, smoothness: 0.000
[INFO] [1773652568.731599787]: Path smoothed: 21->6 points, 0.1ms, length: 2.61->2.61 m, max_dev: 0.000 m, smoothness: 0.000
[INFO] [1773652573.823357667]: Path smoothed: 21->11 points, 0.1ms, length: 8.40->8.40 m, max_dev: 0.000 m, smoothness: 0.000
[INFO] [1773652591.824993429]: Path smoothed: 21->5 points, 0.0ms, length: 2.37->2.37 m, max_dev: 0.000 m, smoothness: 0.000
[INFO] [1773652596.835490966]: Path smoothed: 21->11 points, 0.1ms, length: 7.84->7.84 m, max_dev: 0.000 m, smoothness: 0.000
[INFO] [1773652618.810752461]: Path smoothed: 21->6 points, 0.0ms, length: 2.62->2.62 m, max_dev: 0.000 m, smoothness: 0.000
[INFO] [1773652624.824657021]: Path smoothed: 21->11 points, 0.1ms, length: 8.40->8.40 m, max_dev: 0.000 m, smoothness: 0.000
[INFO] [1773652646.822536594]: Path smoothed: 21->5 points, 0.0ms, length: 2.33->2.33 m, max_dev: 0.000 m, smoothness: 0.000
[INFO] [1773652651.823667927]: Path smoothed: 21->11 points, 0.0ms, length: 7.84->7.84 m, max_dev: 0.000 m, smoothness: 0.000
[INFO] [1773652684.906990603]: Path smoothed: 21->6 points, 0.1ms, length: 2.57->2.57 m, max_dev: 0.000 m, smoothness: 0.000
[INFO] [1773652691.827748966]: Path smoothed: 21->11 points, 0.1ms, length: 8.47->8.47 m, max_dev: 0.000 m, smoothness: 0.000
[INFO] [1773652716.823031602]: Path smoothed: 21->5 points, 0.1ms, length: 2.31->2.31 m, max_dev: 0.000 m, smoothness: 0.000
[INFO] [1773652721.825831799]: Path smoothed: 21->11 points, 0.0ms, length: 7.83->7.83 m, max_dev: 0.000 m, smoothness: 0.000
[INFO] [1773652844.534968307]: Path smoothed: 21->8 points, 0.1ms, length: 3.72->3.72 m, max_dev: 0.084 m, smoothness: 0.000
[INFO] [1773652876.824627572]: Path smoothed: 21->11 points, 0.1ms, length: 8.26->8.26 m, max_dev: 0.000 m, smoothness: 0.000
[INFO] [1773652907.824005018]: Path smoothed: 21->6 points, 0.1ms, length: 3.14->3.14 m, max_dev: 0.000 m, smoothness: 0.000
[INFO] [1773652913.822712623]: Path smoothed: 21->11 points, 0.0ms, length: 9.46->9.46 m, max_dev: 0.000 m, smoothness: 0.000
[INFO] [1773652961.403077021]: Path smoothed: 21->8 points, 0.0ms, length: 3.66->3.66 m, max_dev: 0.083 m, smoothness: 0.000
[INFO] [1773652969.824642260]: Path smoothed: 21->11 points, 0.1ms, length: 8.27->8.27 m, max_dev: 0.000 m, smoothness: 0.000
[INFO] [1773652993.824290964]: Path smoothed: 21->6 points, 0.1ms, length: 3.00->3.00 m, max_dev: 0.000 m, smoothness: 0.000
[INFO] [1773653000.823796566]: Path smoothed: 21->11 points, 0.1ms, length: 9.47->9.47 m, max_dev: 0.000 m, smoothness: 0.000
[INFO] [1773653078.251984448]: Path smoothed: 21->11 points, 0.0ms, length: 8.56->8.56 m, max_dev: 0.000 m, smoothness: 0.000
