[INFO] [1773651635.432305705]: 参数加载完成:
[INFO] [1773651635.436516137]:   激光雷达话题: /livox/pointcloud2
[INFO] [1773651635.436545642]:   双雷达模式: 禁用（仅使用激光雷达）
[INFO] [1773651635.436561066]:   PatchWorkpp地面分割: 启用
[INFO] [1773651635.436577035]:   体素滤波器叶子大小: 0.050
[INFO] [1773651635.436589803]:   地面高度阈值: 0.500
[INFO] [1773651635.436605964]:   精细高度过滤阈值: 0.100
[INFO] [1773651635.436763474]:   机器人半径: 0.300
[INFO] [1773651635.436786323]:   最大处理距离: 10.0
[INFO] [1773651635.436797651]:   地面点云膨胀: 启用
[INFO] [1773651635.436809492]:   膨胀半径: 0.300 米
[INFO] [1773651635.436821172]:   膨胀高度范围: 0.300 米
[INFO] [1773651635.436831893]:   障碍物点云聚类滤波: 启用
[INFO] [1773651635.436843509]:   聚类容忍距离: 0.400 米
[INFO] [1773651635.436854421]:   最小聚类大小: 10 点
[INFO] [1773651635.436877206]:   最大聚类大小: 25000 点
[INFO] [1773651635.495213626]: 单雷达模式，仅使用激光雷达数据
[INFO] [1773651635.499396025]: Inititalizing PatchWork++...
[INFO] [1773651635.694682373]: Sensor Height: 1.723000
[INFO] [1773651635.694744231]: Num of Iteration: 3
[INFO] [1773651635.694758952]: Num of LPR: 20
[INFO] [1773651635.694768872]: Num of min. points: 6
[INFO] [1773651635.694781961]: Seeds Threshold: 0.320000
[INFO] [1773651635.694987889]: Distance Threshold: 0.050000
[INFO] [1773651635.695032626]: Max. range:: 10.000000
[INFO] [1773651635.695050259]: Min. range:: 0.010000
[INFO] [1773651635.695063507]: Normal vector threshold: 0.707000
[INFO] [1773651635.695075892]: adaptive_seed_selection_margin: -1.100000
[INFO] [1773651635.713255301]: Num. zones: 4
Num. sectors: 4, 8, 12, 8
Num. rings: 4, 4, 4, 4
elevation_thr_: 0.1000, 0.1000, 0.1000, 0.1000 
flatness_thr_: 0.0000, 0.0000, 0.0000, 0.0000 
INITIALIZATION COMPLETE
