[WARN] [1773651631.236602303]: 尚未接收到当前位置信息
[WARN] [1773651726.892064722]: 尚未接收到当前位置信息
[INFO] [1773651630.951071509]: 全局路径规划器构造完成
[INFO] [1773651630.957047096]: 节点名: /global_path_planner, 私有命名空间: /global_path_planner
[INFO] [1773651630.957079673]: 地图文件: /root/ws_nav/src/go2_real/navigation_3d/global_planner/topology_rviz_plugin/map/connected_topology_map.txt
[INFO] [1773651630.957089849]: 全局坐标系: map
[INFO] [1773651630.957112506]: 机器人坐标系: base_link
[INFO] [1773651630.957131131]: 直接连接: 启用, 阈值: 50.00 m
[INFO] [1773651630.957140539]: 临时节点连接距离阈值: 5.00 m, 插值点数: 20
[INFO] [1773651630.957149339]: 机器狗高度: 0.35 m
[INFO] [1773651630.957157148]: 安全球半径: 0.30 m
[INFO] [1773651630.957165820]: 有效点阈值: 90.0%
[INFO] [1773651630.957173532]: 临时连接可行域检查: 禁用
[INFO] [1773651630.957201245]: 初始化全局路径规划器...
[INFO] [1773651631.007247591]: 开始加载拓扑地图文件: /root/ws_nav/src/go2_real/navigation_3d/global_planner/topology_rviz_plugin/map/connected_topology_map.txt
[INFO] [1773651631.007588852]: 开始读取边数据
[INFO] [1773651631.007674455]: 拓扑地图加载完成: 32 个节点, 31 条边
[INFO] [1773651631.007689144]: 全局路径规划器初始化完成，加载了 32 个节点和 31 条边
[INFO] [1773651631.007700888]: 全局路径规划器节点启动
[INFO] [1773651631.236475738]: 收到点击目标点
[INFO] [1773651631.236588606]: 目标点位置: (8.77, 0.49, 2.01)
[INFO] [1773651726.891992079]: 收到点击目标点
[INFO] [1773651726.892052977]: 目标点位置: (8.77, 0.49, 2.01)
[INFO] [1773651794.094904173]: 收到点击目标点
[INFO] [1773651794.095014225]: 目标点位置: (8.77, 0.49, 2.01)
[INFO] [1773651794.095095828]: 开始规划从 (11.01, -0.50, 2.00) 到 (8.77, 0.49, 2.01) 的路径
[INFO] [1773651794.095154422]: 开始为临时节点 32 查找连接
[INFO] [1773651794.095204440]: 找到第一个合法节点: 4，距离: 1.21
[INFO] [1773651794.095240410]: 第一个合法节点: 4, 第二层候选节点总数: 2
[INFO] [1773651794.095266587]: 创建合法连接: 临时节点32 -> 节点3, 代价: 4.00
[INFO] [1773651794.095293500]: 创建合法连接: 临时节点32 -> 节点4, 代价: 1.21
[INFO] [1773651794.095312188]: 创建合法连接: 临时节点32 -> 节点5, 代价: 4.82
[INFO] [1773651794.095335869]: 临时节点 32 成功连接到 3 个节点
[INFO] [1773651794.095358846]: 开始为临时节点 33 查找连接
[INFO] [1773651794.095441569]: 找到第一个合法节点: 3，距离: 1.99
[INFO] [1773651794.095461730]: 第一个合法节点: 3, 第二层候选节点总数: 2
[INFO] [1773651794.095479843]: 创建合法连接: 临时节点33 -> 节点2, 代价: 5.75
[INFO] [1773651794.095497507]: 创建合法连接: 临时节点33 -> 节点3, 代价: 1.99
[INFO] [1773651794.095515140]: 创建合法连接: 临时节点33 -> 节点4, 代价: 1.99
[INFO] [1773651794.095532293]: 临时节点 33 成功连接到 3 个节点
[INFO] [1773651794.095595687]: 起点到终点直线距离: 2.44 米
[INFO] [1773651794.095630504]: 直连判定: enable=true, distance=2.44 m, threshold=50.00 m, feasible=true
[INFO] [1773651794.095651817]: 添加起点到终点的直接连接，距离: 2.44 米
[INFO] [1773651794.095720780]: 在临时拓扑图中找到路径，包含 2 个节点
[INFO] [1773651794.095886770]: 构建完整路径完成，包含 21 个路径点
[INFO] [1773651794.095983894]: 发布全局路径，包含 21 个路径点
[INFO] [1773651806.646186488]: 收到点击目标点
[INFO] [1773651806.646255482]: 目标点位置: (9.43, -5.00, 2.09)
[INFO] [1773651806.646275003]: 开始规划从 (8.96, 0.28, 2.01) 到 (9.43, -5.00, 2.09) 的路径
[INFO] [1773651806.646310205]: 开始为临时节点 32 查找连接
[INFO] [1773651806.646358142]: 找到第一个合法节点: 4，距离: 1.71
[INFO] [1773651806.646374751]: 第一个合法节点: 4, 第二层候选节点总数: 2
[INFO] [1773651806.646400256]: 创建合法连接: 临时节点32 -> 节点3, 代价: 2.08
[INFO] [1773651806.646412544]: 创建合法连接: 临时节点32 -> 节点4, 代价: 1.71
[INFO] [1773651806.646429345]: 创建合法连接: 临时节点32 -> 节点5, 代价: 5.96
[INFO] [1773651806.646442370]: 临时节点 32 成功连接到 3 个节点
[INFO] [1773651806.646455522]: 开始为临时节点 33 查找连接
[INFO] [1773651806.646469187]: 找到第一个合法节点: 5，距离: 1.58
[INFO] [1773651806.646486787]: 第一个合法节点: 5, 第二层候选节点总数: 2
[INFO] [1773651806.646500452]: 创建合法连接: 临时节点33 -> 节点4, 代价: 3.93
[INFO] [1773651806.646511044]: 创建合法连接: 临时节点33 -> 节点5, 代价: 1.58
[INFO] [1773651806.646532005]: 创建合法连接: 临时节点33 -> 节点6, 代价: 5.77
[INFO] [1773651806.646547558]: 临时节点 33 成功连接到 3 个节点
[INFO] [1773651806.646562534]: 起点到终点直线距离: 5.31 米
[INFO] [1773651806.646580391]: 直连判定: enable=true, distance=5.31 m, threshold=50.00 m, feasible=true
[INFO] [1773651806.646598567]: 添加起点到终点的直接连接，距离: 5.31 米
[INFO] [1773651806.646632809]: 在临时拓扑图中找到路径，包含 2 个节点
[INFO] [1773651806.646680555]: 构建完整路径完成，包含 21 个路径点
[INFO] [1773651806.649756479]: 发布全局路径，包含 21 个路径点
[INFO] [1773651820.646959024]: 收到点击目标点
[INFO] [1773651820.647048436]: 目标点位置: (15.87, -5.08, 2.10)
[INFO] [1773651820.647088437]: 开始规划从 (9.26, -4.82, 2.06) 到 (15.87, -5.08, 2.10) 的路径
[INFO] [1773651820.647135095]: 开始为临时节点 32 查找连接
[INFO] [1773651820.647160184]: 找到第一个合法节点: 5，距离: 1.79
[INFO] [1773651820.647186617]: 第一个合法节点: 5, 第二层候选节点总数: 2
[INFO] [1773651820.647203162]: 创建合法连接: 临时节点32 -> 节点4, 代价: 3.77
[INFO] [1773651820.647218650]: 创建合法连接: 临时节点32 -> 节点5, 代价: 1.79
[INFO] [1773651820.647234875]: 创建合法连接: 临时节点32 -> 节点6, 代价: 6.00
[INFO] [1773651820.647252859]: 临时节点 32 成功连接到 3 个节点
[INFO] [1773651820.647268284]: 开始为临时节点 33 查找连接
[INFO] [1773651820.647286205]: 找到第一个合法节点: 5，距离: 4.90
[INFO] [1773651820.647300797]: 第一个合法节点: 5, 第二层候选节点总数: 2
[INFO] [1773651820.647316670]: 创建合法连接: 临时节点33 -> 节点4, 代价: 7.12
[INFO] [1773651820.647331582]: 创建合法连接: 临时节点33 -> 节点5, 代价: 4.90
[INFO] [1773651820.647345503]: 创建合法连接: 临时节点33 -> 节点6, 代价: 7.32
[INFO] [1773651820.647359423]: 临时节点 33 成功连接到 3 个节点
[INFO] [1773651820.647377984]: 起点到终点直线距离: 6.61 米
[INFO] [1773651820.647393217]: 直连判定: enable=true, distance=6.61 m, threshold=50.00 m, feasible=true
[INFO] [1773651820.647408257]: 添加起点到终点的直接连接，距离: 6.61 米
[INFO] [1773651820.647444995]: 在临时拓扑图中找到路径，包含 2 个节点
[INFO] [1773651820.647498853]: 构建完整路径完成，包含 21 个路径点
[INFO] [1773651820.647558855]: 发布全局路径，包含 21 个路径点
[INFO] [1773651833.646207508]: 收到点击目标点
[INFO] [1773651833.646300439]: 目标点位置: (18.78, 2.31, 1.97)
[INFO] [1773651833.646345305]: 开始规划从 (15.60, -5.15, 2.09) 到 (18.78, 2.31, 1.97) 的路径
[INFO] [1773651833.646427900]: 开始为临时节点 32 查找连接
[INFO] [1773651833.646463774]: 找到第一个合法节点: 5，距离: 4.62
[INFO] [1773651833.646490847]: 第一个合法节点: 5, 第二层候选节点总数: 2
[INFO] [1773651833.646515040]: 创建合法连接: 临时节点32 -> 节点4, 代价: 6.94
[INFO] [1773651833.646536672]: 创建合法连接: 临时节点32 -> 节点5, 代价: 4.62
[INFO] [1773651833.646557729]: 创建合法连接: 临时节点32 -> 节点6, 代价: 7.09
[INFO] [1773651833.646577794]: 临时节点 32 成功连接到 3 个节点
[INFO] [1773651833.646599203]: 开始为临时节点 33 查找连接
[INFO] [1773651833.646624452]: 找到第一个合法节点: 25，距离: 1.04
[INFO] [1773651833.646646213]: 第一个合法节点: 25, 第二层候选节点总数: 2
[INFO] [1773651833.646666693]: 创建合法连接: 临时节点33 -> 节点24, 代价: 7.39
[INFO] [1773651833.646686886]: 创建合法连接: 临时节点33 -> 节点25, 代价: 1.04
[INFO] [1773651833.646707047]: 创建合法连接: 临时节点33 -> 节点26, 代价: 8.46
[INFO] [1773651833.646726344]: 临时节点 33 成功连接到 3 个节点
[INFO] [1773651833.646747752]: 起点到终点直线距离: 8.11 米
[INFO] [1773651833.646770985]: 直连判定: enable=true, distance=8.11 m, threshold=50.00 m, feasible=true
[INFO] [1773651833.646791146]: 添加起点到终点的直接连接，距离: 8.11 米
[INFO] [1773651833.646843180]: 在临时拓扑图中找到路径，包含 2 个节点
[INFO] [1773651833.646902894]: 构建完整路径完成，包含 21 个路径点
[INFO] [1773651833.647612233]: 发布全局路径，包含 21 个路径点
[INFO] [1773651850.646181673]: 收到点击目标点
[INFO] [1773651850.646237613]: 目标点位置: (20.46, 10.71, 1.85)
[INFO] [1773651850.646256238]: 开始规划从 (18.80, 2.08, 2.01) 到 (20.46, 10.71, 1.85) 的路径
[INFO] [1773651850.646279760]: 开始为临时节点 32 查找连接
[INFO] [1773651850.646296465]: 找到第一个合法节点: 25，距离: 1.15
[INFO] [1773651850.646311282]: 第一个合法节点: 25, 第二层候选节点总数: 2
[INFO] [1773651850.646322419]: 创建合法连接: 临时节点32 -> 节点24, 代价: 7.16
[INFO] [1773651850.646331891]: 创建合法连接: 临时节点32 -> 节点25, 代价: 1.15
[INFO] [1773651850.646341300]: 创建合法连接: 临时节点32 -> 节点26, 代价: 8.67
[INFO] [1773651850.646350773]: 临时节点 32 成功连接到 3 个节点
[INFO] [1773651850.646362454]: 开始为临时节点 33 查找连接
[INFO] [1773651850.646375158]: 找到第一个合法节点: 26，距离: 0.24
[INFO] [1773651850.646384791]: 第一个合法节点: 26, 第二层候选节点总数: 2
[INFO] [1773651850.646394168]: 创建合法连接: 临时节点33 -> 节点25, 代价: 7.90
[INFO] [1773651850.646403832]: 创建合法连接: 临时节点33 -> 节点26, 代价: 0.24
[INFO] [1773651850.646413177]: 创建合法连接: 临时节点33 -> 节点27, 代价: 6.50
[INFO] [1773651850.646423898]: 临时节点 33 成功连接到 3 个节点
[INFO] [1773651850.646432378]: 起点到终点直线距离: 8.79 米
[INFO] [1773651850.646442171]: 直连判定: enable=true, distance=8.79 m, threshold=50.00 m, feasible=true
[INFO] [1773651850.646450523]: 添加起点到终点的直接连接，距离: 8.79 米
[INFO] [1773651850.646471805]: 在临时拓扑图中找到路径，包含 2 个节点
[INFO] [1773651850.646500735]: 构建完整路径完成，包含 21 个路径点
[INFO] [1773651850.646530785]: 发布全局路径，包含 21 个路径点
[INFO] [1773651868.646152159]: 收到点击目标点
[INFO] [1773651868.646207107]: 目标点位置: (18.36, 14.16, 1.80)
[INFO] [1773651868.646249254]: 开始规划从 (20.32, 10.48, 1.88) 到 (18.36, 14.16, 1.80) 的路径
[INFO] [1773651868.646288265]: 开始为临时节点 32 查找连接
[INFO] [1773651868.646305386]: 找到第一个合法节点: 26，距离: 0.33
[INFO] [1773651868.646318827]: 第一个合法节点: 26, 第二层候选节点总数: 2
[INFO] [1773651868.646330155]: 创建合法连接: 临时节点32 -> 节点25, 代价: 7.66
[INFO] [1773651868.646340524]: 创建合法连接: 临时节点32 -> 节点26, 代价: 0.33
[INFO] [1773651868.646349485]: 创建合法连接: 临时节点32 -> 节点27, 代价: 6.54
[INFO] [1773651868.646359181]: 临时节点 32 成功连接到 3 个节点
[INFO] [1773651868.646369454]: 开始为临时节点 33 查找连接
[INFO] [1773651868.646380399]: 找到第一个合法节点: 27，距离: 3.11
[INFO] [1773651868.646390896]: 第一个合法节点: 27, 第二层候选节点总数: 2
[INFO] [1773651868.646399056]: 创建合法连接: 临时节点33 -> 节点26, 代价: 4.27
[INFO] [1773651868.646406577]: 创建合法连接: 临时节点33 -> 节点27, 代价: 3.11
[INFO] [1773651868.646415185]: 创建合法连接: 临时节点33 -> 节点28, 代价: 8.77
[INFO] [1773651868.646423378]: 临时节点 33 成功连接到 3 个节点
[INFO] [1773651868.646433394]: 起点到终点直线距离: 4.18 米
[INFO] [1773651868.646444499]: 直连判定: enable=true, distance=4.18 m, threshold=50.00 m, feasible=true
[INFO] [1773651868.646455764]: 添加起点到终点的直接连接，距离: 4.18 米
[INFO] [1773651868.646476245]: 在临时拓扑图中找到路径，包含 2 个节点
[INFO] [1773651868.646508791]: 构建完整路径完成，包含 21 个路径点
[INFO] [1773651868.646535449]: 发布全局路径，包含 21 个路径点
[INFO] [1773651879.646327352]: 收到点击目标点
[INFO] [1773651879.646411326]: 目标点位置: (14.87, 14.75, 1.81)
[INFO] [1773651879.646458433]: 开始规划从 (18.55, 14.00, 1.82) 到 (14.87, 14.75, 1.81) 的路径
[INFO] [1773651879.646504356]: 开始为临时节点 32 查找连接
[INFO] [1773651879.646541895]: 找到第一个合法节点: 27，距离: 3.32
[INFO] [1773651879.646574761]: 第一个合法节点: 27, 第二层候选节点总数: 2
[INFO] [1773651879.646601003]: 创建合法连接: 临时节点32 -> 节点26, 代价: 4.03
[INFO] [1773651879.646627788]: 创建合法连接: 临时节点32 -> 节点27, 代价: 3.32
[INFO] [1773651879.646654830]: 创建合法连接: 临时节点32 -> 节点28, 代价: 8.75
[INFO] [1773651879.646682928]: 临时节点 32 成功连接到 3 个节点
[INFO] [1773651879.646707698]: 开始为临时节点 33 查找连接
[INFO] [1773651879.646739860]: 找到第一个合法节点: 27，距离: 0.43
[INFO] [1773651879.646765206]: 第一个合法节点: 27, 第二层候选节点总数: 2
[INFO] [1773651879.646792408]: 创建合法连接: 临时节点33 -> 节点26, 代价: 7.13
[INFO] [1773651879.646817529]: 创建合法连接: 临时节点33 -> 节点27, 代价: 0.43
[INFO] [1773651879.646844347]: 创建合法连接: 临时节点33 -> 节点28, 代价: 7.80
[INFO] [1773651879.646869597]: 临时节点 33 成功连接到 3 个节点
[INFO] [1773651879.646894591]: 起点到终点直线距离: 3.75 米
[INFO] [1773651879.646920928]: 直连判定: enable=true, distance=3.75 m, threshold=50.00 m, feasible=true
[INFO] [1773651879.646949570]: 添加起点到终点的直接连接，距离: 3.75 米
[INFO] [1773651879.646998950]: 在临时拓扑图中找到路径，包含 2 个节点
[INFO] [1773651879.647073419]: 构建完整路径完成，包含 21 个路径点
[INFO] [1773651879.647135855]: 发布全局路径，包含 21 个路径点
[INFO] [1773651890.647012083]: 收到点击目标点
[INFO] [1773651890.647137052]: 目标点位置: (13.07, 8.58, 1.89)
[INFO] [1773651890.647180447]: 开始规划从 (15.13, 14.69, 1.80) 到 (13.07, 8.58, 1.89) 的路径
[INFO] [1773651890.647234691]: 开始为临时节点 32 查找连接
[INFO] [1773651890.647268965]: 找到第一个合法节点: 27，距离: 0.17
[INFO] [1773651890.647296007]: 第一个合法节点: 27, 第二层候选节点总数: 2
[INFO] [1773651890.647320040]: 创建合法连接: 临时节点32 -> 节点26, 代价: 6.89
[INFO] [1773651890.647341066]: 创建合法连接: 临时节点32 -> 节点27, 代价: 0.17
[INFO] [1773651890.647361099]: 创建合法连接: 临时节点32 -> 节点28, 代价: 7.80
[INFO] [1773651890.647381356]: 临时节点 32 成功连接到 3 个节点
[INFO] [1773651890.647402190]: 开始为临时节点 33 查找连接
[INFO] [1773651890.647428432]: 找到第一个合法节点: 28，距离: 1.43
[INFO] [1773651890.647450001]: 第一个合法节点: 28, 第二层候选节点总数: 2
[INFO] [1773651890.647470291]: 创建合法连接: 临时节点33 -> 节点27, 代价: 6.48
[INFO] [1773651890.647489716]: 创建合法连接: 临时节点33 -> 节点28, 代价: 1.43
[INFO] [1773651890.647509461]: 创建合法连接: 临时节点33 -> 节点29, 代价: 7.62
[INFO] [1773651890.647528758]: 临时节点 33 成功连接到 3 个节点
[INFO] [1773651890.647548824]: 起点到终点直线距离: 6.45 米
[INFO] [1773651890.647573177]: 直连判定: enable=true, distance=6.45 m, threshold=50.00 m, feasible=true
[INFO] [1773651890.647593947]: 添加起点到终点的直接连接，距离: 6.45 米
[INFO] [1773651890.647633086]: 在临时拓扑图中找到路径，包含 2 个节点
[INFO] [1773651890.647714339]: 构建完整路径完成，包含 21 个路径点
[INFO] [1773651890.647771911]: 发布全局路径，包含 21 个路径点
[INFO] [1773651902.646797610]: 收到点击目标点
[INFO] [1773651902.646932019]: 目标点位置: (8.40, 0.34, 2.00)
[INFO] [1773651902.646994424]: 开始规划从 (13.09, 8.83, 1.84) 到 (8.40, 0.34, 2.00) 的路径
[INFO] [1773651902.647155107]: 开始为临时节点 32 查找连接
[INFO] [1773651902.647187077]: 找到第一个合法节点: 28，距离: 1.69
[INFO] [1773651902.647421141]: 第一个合法节点: 28, 第二层候选节点总数: 2
[INFO] [1773651902.647459287]: 创建合法连接: 临时节点32 -> 节点27, 代价: 6.23
[INFO] [1773651902.647475416]: 创建合法连接: 临时节点32 -> 节点28, 代价: 1.69
[INFO] [1773651902.647486777]: 创建合法连接: 临时节点32 -> 节点29, 代价: 7.87
[INFO] [1773651902.647498938]: 临时节点 32 成功连接到 3 个节点
[INFO] [1773651902.647511643]: 开始为临时节点 33 查找连接
[INFO] [1773651902.647528444]: 找到第一个合法节点: 3，距离: 1.59
[INFO] [1773651902.647542557]: 第一个合法节点: 3, 第二层候选节点总数: 2
[INFO] [1773651902.647561566]: 创建合法连接: 临时节点33 -> 节点2, 代价: 5.38
[INFO] [1773651902.647572767]: 创建合法连接: 临时节点33 -> 节点3, 代价: 1.59
[INFO] [1773651902.647584640]: 创建合法连接: 临时节点33 -> 节点4, 代价: 2.14
[INFO] [1773651902.647594816]: 临时节点 33 成功连接到 3 个节点
[INFO] [1773651902.647606721]: 起点到终点直线距离: 9.70 米
[INFO] [1773651902.647621250]: 直连判定: enable=true, distance=9.70 m, threshold=50.00 m, feasible=true
[INFO] [1773651902.647633379]: 添加起点到终点的直接连接，距离: 9.70 米
[INFO] [1773651902.647666149]: 在临时拓扑图中找到路径，包含 2 个节点
[INFO] [1773651902.647714440]: 构建完整路径完成，包含 21 个路径点
[INFO] [1773651902.647763756]: 发布全局路径，包含 21 个路径点
[INFO] [1773651921.646177617]: 收到点击目标点
[INFO] [1773651921.646260406]: 目标点位置: (1.68, 1.17, -0.02)
[INFO] [1773651921.646474853]: 开始规划从 (8.41, 0.63, 1.97) 到 (1.68, 1.17, -0.02) 的路径
[INFO] [1773651921.646538185]: 开始为临时节点 32 查找连接
[INFO] [1773651921.646569643]: 找到第一个合法节点: 3，距离: 1.75
[INFO] [1773651921.646589805]: 第一个合法节点: 3, 第二层候选节点总数: 2
[INFO] [1773651921.646607566]: 创建合法连接: 临时节点32 -> 节点2, 代价: 5.40
[INFO] [1773651921.646624175]: 创建合法连接: 临时节点32 -> 节点3, 代价: 1.75
[INFO] [1773651921.646638960]: 创建合法连接: 临时节点32 -> 节点4, 代价: 2.33
[INFO] [1773651921.646655185]: 临时节点 32 成功连接到 3 个节点
[INFO] [1773651921.646671026]: 开始为临时节点 33 查找连接
[INFO] [1773651921.646691540]: 找到第一个合法节点: 2，距离: 2.04
[INFO] [1773651921.646707797]: 第一个合法节点: 2, 第二层候选节点总数: 2
[INFO] [1773651921.646733302]: 创建合法连接: 临时节点33 -> 节点1, 代价: 2.05
[INFO] [1773651921.646751224]: 创建合法连接: 临时节点33 -> 节点2, 代价: 2.04
[INFO] [1773651921.646767513]: 创建合法连接: 临时节点33 -> 节点3, 代价: 5.83
[INFO] [1773651921.646783130]: 临时节点 33 成功连接到 3 个节点
[INFO] [1773651921.646798811]: 起点到终点直线距离: 7.03 米
[INFO] [1773651921.646817660]: 直连判定: enable=true, distance=7.03 m, threshold=50.00 m, feasible=true
[INFO] [1773651921.646833757]: 添加起点到终点的直接连接，距离: 7.03 米
[INFO] [1773651921.646867296]: 在临时拓扑图中找到路径，包含 2 个节点
[INFO] [1773651921.646912835]: 构建完整路径完成，包含 21 个路径点
[INFO] [1773651921.646955430]: 发布全局路径，包含 21 个路径点
[INFO] [1773651963.646546701]: 收到点击目标点
[INFO] [1773651963.646636083]: 目标点位置: (0.78, -0.35, -0.01)
[INFO] [1773651963.646659188]: 开始规划从 (1.78, 0.92, 0.06) 到 (0.78, -0.35, -0.01) 的路径
[INFO] [1773651963.646713336]: 开始为临时节点 32 查找连接
[INFO] [1773651963.646741050]: 找到第一个合法节点: 2，距离: 1.81
[INFO] [1773651963.646758043]: 第一个合法节点: 2, 第二层候选节点总数: 2
[INFO] [1773651963.646771452]: 创建合法连接: 临时节点32 -> 节点1, 代价: 2.01
[INFO] [1773651963.646781565]: 创建合法连接: 临时节点32 -> 节点2, 代价: 1.81
[INFO] [1773651963.646790909]: 创建合法连接: 临时节点32 -> 节点3, 代价: 5.65
[INFO] [1773651963.646801086]: 临时节点 32 成功连接到 3 个节点
[INFO] [1773651963.646811327]: 开始为临时节点 33 查找连接
[INFO] [1773651963.646824479]: 找到第一个合法节点: 1，距离: 0.85
[INFO] [1773651963.646834400]: 第一个合法节点: 1, 第二层候选节点总数: 2
[INFO] [1773651963.646844065]: 创建合法连接: 临时节点33 -> 节点0, 代价: 0.87
[INFO] [1773651963.646853665]: 创建合法连接: 临时节点33 -> 节点1, 代价: 0.85
[INFO] [1773651963.646863330]: 创建合法连接: 临时节点33 -> 节点2, 代价: 2.59
[INFO] [1773651963.646874275]: 临时节点 33 成功连接到 3 个节点
[INFO] [1773651963.646884996]: 起点到终点直线距离: 1.62 米
[INFO] [1773651963.646898564]: 直连判定: enable=true, distance=1.62 m, threshold=50.00 m, feasible=true
[INFO] [1773651963.647008876]: 添加起点到终点的直接连接，距离: 1.62 米
[INFO] [1773651963.647044366]: 在临时拓扑图中找到路径，包含 2 个节点
[INFO] [1773651963.647110515]: 构建完整路径完成，包含 21 个路径点
[INFO] [1773651963.647177879]: 发布全局路径，包含 21 个路径点
[INFO] [1773651967.646152468]: 收到点击目标点
[INFO] [1773651967.646216056]: 目标点位置: (8.50, -1.49, 2.04)
[INFO] [1773651967.646240730]: 开始规划从 (0.82, -0.12, 0.02) 到 (8.50, -1.49, 2.04) 的路径
[INFO] [1773651967.646271964]: 开始为临时节点 32 查找连接
[INFO] [1773651967.646294333]: 找到第一个合法节点: 1，距离: 0.83
[INFO] [1773651967.646319711]: 第一个合法节点: 1, 第二层候选节点总数: 2
[INFO] [1773651967.646334080]: 创建合法连接: 临时节点32 -> 节点0, 代价: 0.86
[INFO] [1773651967.646345985]: 创建合法连接: 临时节点32 -> 节点1, 代价: 0.83
[INFO] [1773651967.646356866]: 创建合法连接: 临时节点32 -> 节点2, 代价: 2.52
[INFO] [1773651967.646369122]: 临时节点 32 成功连接到 3 个节点
[INFO] [1773651967.646380003]: 开始为临时节点 33 查找连接
[INFO] [1773651967.646394692]: 找到第一个合法节点: 4，距离: 1.50
[INFO] [1773651967.646406277]: 第一个合法节点: 4, 第二层候选节点总数: 2
[INFO] [1773651967.646417638]: 创建合法连接: 临时节点33 -> 节点3, 代价: 1.87
[INFO] [1773651967.646428230]: 创建合法连接: 临时节点33 -> 节点4, 代价: 1.50
[INFO] [1773651967.646438503]: 创建合法连接: 临时节点33 -> 节点5, 代价: 4.57
[INFO] [1773651967.646449224]: 临时节点 33 成功连接到 3 个节点
[INFO] [1773651967.646460521]: 起点到终点直线距离: 8.06 米
[INFO] [1773651967.646474410]: 直连判定: enable=true, distance=8.06 m, threshold=50.00 m, feasible=true
[INFO] [1773651967.646485898]: 添加起点到终点的直接连接，距离: 8.06 米
[INFO] [1773651967.646511084]: 在临时拓扑图中找到路径，包含 2 个节点
[INFO] [1773651967.646546350]: 构建完整路径完成，包含 21 个路径点
[INFO] [1773651967.646581169]: 发布全局路径，包含 21 个路径点
[INFO] [1773652165.793808155]: 收到点击目标点
[INFO] [1773652165.793936897]: 目标点位置: (9.36, -1.91, 2.06)
[INFO] [1773652165.793976963]: 开始规划从 (10.14, -0.24, 2.01) 到 (9.36, -1.91, 2.06) 的路径
[INFO] [1773652165.794067015]: 开始为临时节点 32 查找连接
[INFO] [1773652165.794101193]: 找到第一个合法节点: 4，距离: 0.89
[INFO] [1773652165.794127402]: 第一个合法节点: 4, 第二层候选节点总数: 2
[INFO] [1773652165.794150667]: 创建合法连接: 临时节点32 -> 节点3, 代价: 3.14
[INFO] [1773652165.794169548]: 创建合法连接: 临时节点32 -> 节点4, 代价: 0.89
[INFO] [1773652165.794189485]: 创建合法连接: 临时节点32 -> 节点5, 代价: 5.16
[INFO] [1773652165.794210606]: 临时节点 32 成功连接到 3 个节点
[INFO] [1773652165.794229935]: 开始为临时节点 33 查找连接
[INFO] [1773652165.794254800]: 找到第一个合法节点: 4，距离: 1.00
[INFO] [1773652165.794981010]: 第一个合法节点: 4, 第二层候选节点总数: 2
[INFO] [1773652165.795065238]: 创建合法连接: 临时节点33 -> 节点3, 代价: 2.81
[INFO] [1773652165.795094904]: 创建合法连接: 临时节点33 -> 节点4, 代价: 1.00
[INFO] [1773652165.795115320]: 创建合法连接: 临时节点33 -> 节点5, 代价: 3.78
[INFO] [1773652165.795132377]: 临时节点 33 成功连接到 3 个节点
[INFO] [1773652165.795152602]: 起点到终点直线距离: 1.84 米
[INFO] [1773652165.795190620]: 直连判定: enable=true, distance=1.84 m, threshold=50.00 m, feasible=true
[INFO] [1773652165.795211229]: 添加起点到终点的直接连接，距离: 1.84 米
[INFO] [1773652165.795256223]: 在临时拓扑图中找到路径，包含 2 个节点
[INFO] [1773652165.795328066]: 构建完整路径完成，包含 21 个路径点
[INFO] [1773652165.797253084]: 发布全局路径，包含 21 个路径点
[INFO] [1773652173.647268971]: 收到点击目标点
[INFO] [1773652173.647377456]: 目标点位置: (1.47, 1.36, -0.02)
[INFO] [1773652173.647414514]: 开始规划从 (9.48, -1.68, 2.03) 到 (1.47, 1.36, -0.02) 的路径
[INFO] [1773652173.647467924]: 开始为临时节点 32 查找连接
[INFO] [1773652173.647570745]: 找到第一个合法节点: 4，距离: 0.75
[INFO] [1773652173.647594938]: 第一个合法节点: 4, 第二层候选节点总数: 2
[INFO] [1773652173.647617083]: 创建合法连接: 临时节点32 -> 节点3, 代价: 2.79
[INFO] [1773652173.647636796]: 创建合法连接: 临时节点32 -> 节点4, 代价: 0.75
[INFO] [1773652173.647655357]: 创建合法连接: 临时节点32 -> 节点5, 代价: 3.94
[INFO] [1773652173.647670750]: 临时节点 32 成功连接到 3 个节点
[INFO] [1773652173.647694079]: 开始为临时节点 33 查找连接
[INFO] [1773652173.647720416]: 找到第一个合法节点: 1，距离: 2.00
[INFO] [1773652173.647739041]: 第一个合法节点: 1, 第二层候选节点总数: 2
[INFO] [1773652173.647756642]: 创建合法连接: 临时节点33 -> 节点0, 代价: 2.08
[INFO] [1773652173.647773059]: 创建合法连接: 临时节点33 -> 节点1, 代价: 2.00
[INFO] [1773652173.647794948]: 创建合法连接: 临时节点33 -> 节点2, 代价: 2.32
[INFO] [1773652173.647814053]: 临时节点 33 成功连接到 3 个节点
[INFO] [1773652173.647834886]: 起点到终点直线距离: 8.81 米
[INFO] [1773652173.647871847]: 直连判定: enable=true, distance=8.81 m, threshold=50.00 m, feasible=true
[INFO] [1773652173.647896648]: 添加起点到终点的直接连接，距离: 8.81 米
[INFO] [1773652173.647939562]: 在临时拓扑图中找到路径，包含 2 个节点
[INFO] [1773652173.647996877]: 构建完整路径完成，包含 21 个路径点
[INFO] [1773652173.648035951]: 发布全局路径，包含 21 个路径点
[INFO] [1773652193.646342247]: 收到点击目标点
[INFO] [1773652193.646409482]: 目标点位置: (1.31, -0.98, 0.01)
[INFO] [1773652193.646427595]: 开始规划从 (1.76, 1.37, 0.58) 到 (1.31, -0.98, 0.01) 的路径
[INFO] [1773652193.646456204]: 开始为临时节点 32 查找连接
[INFO] [1773652193.646474413]: 找到第一个合法节点: 2，距离: 2.11
[INFO] [1773652193.646491214]: 第一个合法节点: 2, 第二层候选节点总数: 2
[INFO] [1773652193.646502734]: 创建合法连接: 临时节点32 -> 节点1, 代价: 2.30
[INFO] [1773652193.646515407]: 创建合法连接: 临时节点32 -> 节点2, 代价: 2.11
[INFO] [1773652193.646529008]: 创建合法连接: 临时节点32 -> 节点3, 代价: 5.66
[INFO] [1773652193.646542160]: 临时节点 32 成功连接到 3 个节点
[INFO] [1773652193.646553585]: 开始为临时节点 33 查找连接
[INFO] [1773652193.646567409]: 找到第一个合法节点: 0，距离: 1.63
[INFO] [1773652193.646578578]: 第一个合法节点: 0, 第二层候选节点总数: 1
[INFO] [1773652193.646592499]: 创建合法连接: 临时节点33 -> 节点0, 代价: 1.63
[INFO] [1773652193.646603283]: 创建合法连接: 临时节点33 -> 节点1, 代价: 1.63
[INFO] [1773652193.646612884]: 临时节点 33 成功连接到 2 个节点
[INFO] [1773652193.646624148]: 起点到终点直线距离: 2.45 米
[INFO] [1773652193.646635637]: 直连判定: enable=true, distance=2.45 m, threshold=50.00 m, feasible=true
[INFO] [1773652193.646644181]: 添加起点到终点的直接连接，距离: 2.45 米
[INFO] [1773652193.646666678]: 在临时拓扑图中找到路径，包含 2 个节点
