[INFO] [1773650496.670607133]: 参数加载完成:
[INFO] [1773650496.672741550]:   激光雷达话题: /livox/pointcloud2
[INFO] [1773650496.672786416]:   双雷达模式: 禁用（仅使用激光雷达）
[INFO] [1773650496.672799248]:   PatchWorkpp地面分割: 启用
[INFO] [1773650496.672817745]:   体素滤波器叶子大小: 0.050
[INFO] [1773650496.672827089]:   地面高度阈值: 0.500
[INFO] [1773650496.672836242]:   精细高度过滤阈值: 0.100
[INFO] [1773650496.672879315]:   机器人半径: 0.300
[INFO] [1773650496.672891540]:   最大处理距离: 10.0
[INFO] [1773650496.672905844]:   地面点云膨胀: 启用
[INFO] [1773650496.672917013]:   膨胀半径: 0.300 米
[INFO] [1773650496.672930069]:   膨胀高度范围: 0.300 米
[INFO] [1773650496.672946454]:   障碍物点云聚类滤波: 启用
[INFO] [1773650496.672962487]:   聚类容忍距离: 0.400 米
[INFO] [1773650496.672975991]:   最小聚类大小: 10 点
[INFO] [1773650496.672992120]:   最大聚类大小: 25000 点
[INFO] [1773650496.695999232]: 单雷达模式，仅使用激光雷达数据
[INFO] [1773650496.710085558]: Inititalizing PatchWork++...
[INFO] [1773650496.759350786]: Sensor Height: 1.723000
[INFO] [1773650496.759407908]: Num of Iteration: 3
[INFO] [1773650496.759438117]: Num of LPR: 20
[INFO] [1773650496.759446533]: Num of min. points: 6
[INFO] [1773650496.759463718]: Seeds Threshold: 0.320000
[INFO] [1773650496.759481287]: Distance Threshold: 0.050000
[INFO] [1773650496.759496743]: Max. range:: 10.000000
[INFO] [1773650496.759513864]: Min. range:: 0.010000
[INFO] [1773650496.759528041]: Normal vector threshold: 0.707000
[INFO] [1773650496.759543657]: adaptive_seed_selection_margin: -1.100000
[INFO] [1773650496.762708929]: Num. zones: 4
Num. sectors: 4, 8, 12, 8
Num. rings: 4, 4, 4, 4
elevation_thr_: 0.1000, 0.1000, 0.1000, 0.1000 
flatness_thr_: 0.0000, 0.0000, 0.0000, 0.0000 
INITIALIZATION COMPLETE
