[WARN] [1773650495.389084977]: 尚未接收到当前位置信息
[WARN] [1773650576.725317780]: 尚未接收到当前位置信息
[INFO] [1773650495.147622926]: 全局路径规划器构造完成
[INFO] [1773650495.150001801]: 节点名: /global_path_planner, 私有命名空间: /global_path_planner
[INFO] [1773650495.150036330]: 地图文件: /root/ws_nav/src/go2_real/navigation_3d/global_planner/topology_rviz_plugin/map/connected_topology_map.txt
[INFO] [1773650495.150046762]: 全局坐标系: map
[INFO] [1773650495.150076587]: 机器人坐标系: base_link
[INFO] [1773650495.150094668]: 直接连接: 启用, 阈值: 5.00 m
[INFO] [1773650495.150105388]: 临时节点连接距离阈值: 5.00 m, 插值点数: 20
[INFO] [1773650495.150114637]: 机器狗高度: 0.35 m
[INFO] [1773650495.150122509]: 安全球半径: 0.30 m
[INFO] [1773650495.150132910]: 有效点阈值: 90.0%
[INFO] [1773650495.150140814]: 临时连接可行域检查: 禁用
[INFO] [1773650495.150168271]: 初始化全局路径规划器...
[INFO] [1773650495.191237540]: 开始加载拓扑地图文件: /root/ws_nav/src/go2_real/navigation_3d/global_planner/topology_rviz_plugin/map/connected_topology_map.txt
[INFO] [1773650495.191624787]: 开始读取边数据
[INFO] [1773650495.191724214]: 拓扑地图加载完成: 32 个节点, 31 条边
[INFO] [1773650495.191739895]: 全局路径规划器初始化完成，加载了 32 个节点和 31 条边
[INFO] [1773650495.191751479]: 全局路径规划器节点启动
[INFO] [1773650495.388961549]: 收到点击目标点
[INFO] [1773650495.389071665]: 目标点位置: (8.77, 0.49, 2.01)
[INFO] [1773650576.725245266]: 收到点击目标点
[INFO] [1773650576.725304851]: 目标点位置: (8.77, 0.49, 2.01)
[INFO] [1773650640.717080072]: 收到点击目标点
[INFO] [1773650640.717147082]: 目标点位置: (8.77, 0.49, 2.01)
[INFO] [1773650640.717185548]: 开始规划从 (9.08, -1.52, 2.02) 到 (8.77, 0.49, 2.01) 的路径
[INFO] [1773650640.717234925]: 开始为临时节点 32 查找连接
[INFO] [1773650640.717262894]: 找到第一个合法节点: 4，距离: 0.96
[INFO] [1773650640.717281487]: 第一个合法节点: 4, 第二层候选节点总数: 2
[INFO] [1773650640.717295119]: 创建合法连接: 临时节点32 -> 节点3, 代价: 2.37
[INFO] [1773650640.717310992]: 创建合法连接: 临时节点32 -> 节点4, 代价: 0.96
[INFO] [1773650640.717320272]: 创建合法连接: 临时节点32 -> 节点5, 代价: 4.25
[INFO] [1773650640.717330352]: 临时节点 32 成功连接到 3 个节点
[INFO] [1773650640.717341777]: 开始为临时节点 33 查找连接
[INFO] [1773650640.717353425]: 找到第一个合法节点: 3，距离: 1.99
[INFO] [1773650640.717363698]: 第一个合法节点: 3, 第二层候选节点总数: 2
[INFO] [1773650640.717373266]: 创建合法连接: 临时节点33 -> 节点2, 代价: 5.75
[INFO] [1773650640.717382802]: 创建合法连接: 临时节点33 -> 节点3, 代价: 1.99
[INFO] [1773650640.717391986]: 创建合法连接: 临时节点33 -> 节点4, 代价: 1.99
[INFO] [1773650640.717401747]: 临时节点 33 成功连接到 3 个节点
[INFO] [1773650640.717412403]: 起点到终点直线距离: 2.03 米
[INFO] [1773650640.717427732]: 直连判定: enable=true, distance=2.03 m, threshold=5.00 m, feasible=true
[INFO] [1773650640.717439540]: 添加起点到终点的直接连接，距离: 2.03 米
[INFO] [1773650640.717473109]: 在临时拓扑图中找到路径，包含 2 个节点
[INFO] [1773650640.717560312]: 构建完整路径完成，包含 21 个路径点
[INFO] [1773650640.717603289]: 发布全局路径，包含 21 个路径点
[INFO] [1773650645.945467680]: 收到点击目标点
[INFO] [1773650645.945587620]: 目标点位置: (9.43, -5.00, 2.09)
[INFO] [1773650645.945618469]: 开始规划从 (8.99, 0.36, 2.02) 到 (9.43, -5.00, 2.09) 的路径
[INFO] [1773650645.945693256]: 开始为临时节点 32 查找连接
[INFO] [1773650645.948235548]: 找到第一个合法节点: 4，距离: 1.76
[INFO] [1773650645.948259325]: 第一个合法节点: 4, 第二层候选节点总数: 2
[INFO] [1773650645.948270717]: 创建合法连接: 临时节点32 -> 节点3, 代价: 2.14
[INFO] [1773650645.948279134]: 创建合法连接: 临时节点32 -> 节点4, 代价: 1.76
[INFO] [1773650645.948287422]: 创建合法连接: 临时节点32 -> 节点5, 代价: 6.02
[INFO] [1773650645.948295006]: 临时节点 32 成功连接到 3 个节点
[INFO] [1773650645.948303390]: 开始为临时节点 33 查找连接
[INFO] [1773650645.948312959]: 找到第一个合法节点: 5，距离: 1.58
[INFO] [1773650645.948320639]: 第一个合法节点: 5, 第二层候选节点总数: 2
[INFO] [1773650645.948328191]: 创建合法连接: 临时节点33 -> 节点4, 代价: 3.93
[INFO] [1773650645.948337055]: 创建合法连接: 临时节点33 -> 节点5, 代价: 1.58
[INFO] [1773650645.948345216]: 创建合法连接: 临时节点33 -> 节点6, 代价: 5.77
[INFO] [1773650645.948353248]: 临时节点 33 成功连接到 3 个节点
[INFO] [1773650645.948361280]: 起点到终点直线距离: 5.38 米
[INFO] [1773650645.948370401]: 直连判定: enable=true, distance=5.38 m, threshold=5.00 m, feasible=true
[INFO] [1773650645.948387297]: 未添加直连边: 起点到终点距离 5.38 米超过阈值 5.00 米
[INFO] [1773650645.948420930]: 在临时拓扑图中找到路径，包含 3 个节点
[INFO] [1773650645.948463108]: 构建完整路径完成，包含 41 个路径点
[INFO] [1773650645.948491077]: 发布全局路径，包含 41 个路径点
[INFO] [1773650657.945326561]: 收到点击目标点
[INFO] [1773650657.945414948]: 目标点位置: (15.87, -5.08, 2.10)
[INFO] [1773650657.945446597]: 开始规划从 (9.51, -4.72, 2.05) 到 (15.87, -5.08, 2.10) 的路径
[INFO] [1773650657.945495622]: 开始为临时节点 32 查找连接
[INFO] [1773650657.945571241]: 找到第一个合法节点: 5，距离: 1.58
[INFO] [1773650657.945598282]: 第一个合法节点: 5, 第二层候选节点总数: 2
[INFO] [1773650657.945621898]: 创建合法连接: 临时节点32 -> 节点4, 代价: 3.64
[INFO] [1773650657.945644139]: 创建合法连接: 临时节点32 -> 节点5, 代价: 1.58
[INFO] [1773650657.945664364]: 创建合法连接: 临时节点32 -> 节点6, 代价: 6.02
[INFO] [1773650657.945685357]: 临时节点 32 成功连接到 3 个节点
[INFO] [1773650657.945706797]: 开始为临时节点 33 查找连接
[INFO] [1773650657.945731918]: 找到第一个合法节点: 5，距离: 4.90
[INFO] [1773650657.945795600]: 第一个合法节点: 5, 第二层候选节点总数: 2
[INFO] [1773650657.945814097]: 创建合法连接: 临时节点33 -> 节点4, 代价: 7.12
[INFO] [1773650657.945835218]: 创建合法连接: 临时节点33 -> 节点5, 代价: 4.90
[INFO] [1773650657.945881075]: 创建合法连接: 临时节点33 -> 节点6, 代价: 7.32
[INFO] [1773650657.945906132]: 临时节点 33 成功连接到 3 个节点
[INFO] [1773650657.945928149]: 起点到终点直线距离: 6.37 米
[INFO] [1773650657.945946037]: 直连判定: enable=true, distance=6.37 m, threshold=5.00 m, feasible=true
[INFO] [1773650657.945970390]: 未添加直连边: 起点到终点距离 6.37 米超过阈值 5.00 米
[INFO] [1773650657.946019928]: 在临时拓扑图中找到路径，包含 3 个节点
[INFO] [1773650657.946082042]: 构建完整路径完成，包含 41 个路径点
[INFO] [1773650657.946132923]: 发布全局路径，包含 41 个路径点
[INFO] [1773650674.945321528]: 收到点击目标点
[INFO] [1773650674.945451580]: 目标点位置: (18.78, 2.31, 1.97)
[INFO] [1773650674.945484925]: 开始规划从 (15.62, -5.01, 2.09) 到 (18.78, 2.31, 1.97) 的路径
[INFO] [1773650674.945586337]: 开始为临时节点 32 查找连接
[INFO] [1773650674.945616322]: 找到第一个合法节点: 5，距离: 4.66
[INFO] [1773650674.945636802]: 第一个合法节点: 5, 第二层候选节点总数: 2
[INFO] [1773650674.945650595]: 创建合法连接: 临时节点32 -> 节点4, 代价: 6.87
[INFO] [1773650674.945661635]: 创建合法连接: 临时节点32 -> 节点5, 代价: 4.66
[INFO] [1773650674.945672611]: 创建合法连接: 临时节点32 -> 节点6, 代价: 7.22
[INFO] [1773650674.945685476]: 临时节点 32 成功连接到 3 个节点
[INFO] [1773650674.945697924]: 开始为临时节点 33 查找连接
[INFO] [1773650674.945711429]: 找到第一个合法节点: 25，距离: 1.04
[INFO] [1773650674.945725349]: 第一个合法节点: 25, 第二层候选节点总数: 2
[INFO] [1773650674.945739270]: 创建合法连接: 临时节点33 -> 节点24, 代价: 7.39
[INFO] [1773650674.945750886]: 创建合法连接: 临时节点33 -> 节点25, 代价: 1.04
[INFO] [1773650674.945763014]: 创建合法连接: 临时节点33 -> 节点26, 代价: 8.46
[INFO] [1773650674.945775367]: 临时节点 33 成功连接到 3 个节点
[INFO] [1773650674.945789479]: 起点到终点直线距离: 7.97 米
[INFO] [1773650674.945802728]: 直连判定: enable=true, distance=7.97 m, threshold=5.00 m, feasible=true
[INFO] [1773650674.945818216]: 未添加直连边: 起点到终点距离 7.97 米超过阈值 5.00 米
[INFO] [1773650674.945872970]: 在临时拓扑图中找到路径，包含 21 个节点
[INFO] [1773650674.946204437]: 构建完整路径完成，包含 401 个路径点
[INFO] [1773650674.946278744]: 发布全局路径，包含 401 个路径点
[INFO] [1773651049.945294543]: 收到点击目标点
[INFO] [1773651049.945405621]: 目标点位置: (20.46, 10.71, 1.85)
[INFO] [1773651049.945446423]: 开始规划从 (18.71, 2.01, 2.01) 到 (20.46, 10.71, 1.85) 的路径
[INFO] [1773651049.945491833]: 开始为临时节点 32 查找连接
[INFO] [1773651049.945515803]: 找到第一个合法节点: 25，距离: 1.27
[INFO] [1773651049.945536060]: 第一个合法节点: 25, 第二层候选节点总数: 2
[INFO] [1773651049.945549789]: 创建合法连接: 临时节点32 -> 节点24, 代价: 7.11
[INFO] [1773651049.945561021]: 创建合法连接: 临时节点32 -> 节点25, 代价: 1.27
[INFO] [1773651049.945574366]: 创建合法连接: 临时节点32 -> 节点26, 代价: 8.76
[INFO] [1773651049.945586143]: 临时节点 32 成功连接到 3 个节点
[INFO] [1773651049.945598047]: 开始为临时节点 33 查找连接
[INFO] [1773651049.945612544]: 找到第一个合法节点: 26，距离: 0.24
[INFO] [1773651049.945626433]: 第一个合法节点: 26, 第二层候选节点总数: 2
[INFO] [1773651049.945639490]: 创建合法连接: 临时节点33 -> 节点25, 代价: 7.90
[INFO] [1773651049.945650754]: 创建合法连接: 临时节点33 -> 节点26, 代价: 0.24
[INFO] [1773651049.945661315]: 创建合法连接: 临时节点33 -> 节点27, 代价: 6.50
[INFO] [1773651049.945672227]: 临时节点 33 成功连接到 3 个节点
[INFO] [1773651049.945686852]: 起点到终点直线距离: 8.88 米
[INFO] [1773651049.945701285]: 直连判定: enable=true, distance=8.88 m, threshold=5.00 m, feasible=true
[INFO] [1773651049.945716934]: 未添加直连边: 起点到终点距离 8.88 米超过阈值 5.00 米
[INFO] [1773651049.945750600]: 在临时拓扑图中找到路径，包含 3 个节点
[INFO] [1773651049.945811211]: 构建完整路径完成，包含 41 个路径点
[INFO] [1773651049.945880783]: 发布全局路径，包含 41 个路径点
[INFO] [1773651066.945046318]: 收到点击目标点
[INFO] [1773651066.945150100]: 目标点位置: (18.36, 14.16, 1.80)
[INFO] [1773651066.945171765]: 开始规划从 (20.48, 10.48, 1.89) 到 (18.36, 14.16, 1.80) 的路径
[INFO] [1773651066.945211767]: 开始为临时节点 32 查找连接
[INFO] [1773651066.945226200]: 找到第一个合法节点: 26，距离: 0.18
[INFO] [1773651066.945237784]: 第一个合法节点: 26, 第二层候选节点总数: 2
[INFO] [1773651066.945247545]: 创建合法连接: 临时节点32 -> 节点25, 代价: 7.68
[INFO] [1773651066.945255737]: 创建合法连接: 临时节点32 -> 节点26, 代价: 0.18
[INFO] [1773651066.945263706]: 创建合法连接: 临时节点32 -> 节点27, 代价: 6.66
[INFO] [1773651066.945271834]: 临时节点 32 成功连接到 3 个节点
[INFO] [1773651066.945279803]: 开始为临时节点 33 查找连接
[INFO] [1773651066.945289435]: 找到第一个合法节点: 27，距离: 3.11
[INFO] [1773651066.945297724]: 第一个合法节点: 27, 第二层候选节点总数: 2
[INFO] [1773651066.945305820]: 创建合法连接: 临时节点33 -> 节点26, 代价: 4.27
[INFO] [1773651066.945313693]: 创建合法连接: 临时节点33 -> 节点27, 代价: 3.11
[INFO] [1773651066.945321213]: 创建合法连接: 临时节点33 -> 节点28, 代价: 8.77
[INFO] [1773651066.945329214]: 临时节点 33 成功连接到 3 个节点
[INFO] [1773651066.945337566]: 起点到终点直线距离: 4.25 米
[INFO] [1773651066.945347039]: 直连判定: enable=true, distance=4.25 m, threshold=5.00 m, feasible=true
[INFO] [1773651066.945356031]: 添加起点到终点的直接连接，距离: 4.25 米
[INFO] [1773651066.945374304]: 在临时拓扑图中找到路径，包含 2 个节点
[INFO] [1773651066.945402114]: 构建完整路径完成，包含 21 个路径点
[INFO] [1773651066.945434563]: 发布全局路径，包含 21 个路径点
[INFO] [1773651074.945042508]: 收到点击目标点
[INFO] [1773651074.945110800]: 目标点位置: (14.87, 14.75, 1.81)
[INFO] [1773651074.945127697]: 开始规划从 (18.54, 13.98, 1.84) 到 (14.87, 14.75, 1.81) 的路径
[INFO] [1773651074.945171987]: 开始为临时节点 32 查找连接
[INFO] [1773651074.945192309]: 找到第一个合法节点: 27，距离: 3.31
[INFO] [1773651074.945206261]: 第一个合法节点: 27, 第二层候选节点总数: 2
[INFO] [1773651074.945221654]: 创建合法连接: 临时节点32 -> 节点26, 代价: 4.02
[INFO] [1773651074.945231351]: 创建合法连接: 临时节点32 -> 节点27, 代价: 3.31
[INFO] [1773651074.945244151]: 创建合法连接: 临时节点32 -> 节点28, 代价: 8.73
[INFO] [1773651074.945255672]: 临时节点 32 成功连接到 3 个节点
[INFO] [1773651074.945266841]: 开始为临时节点 33 查找连接
[INFO] [1773651074.945281401]: 找到第一个合法节点: 27，距离: 0.43
[INFO] [1773651074.945296186]: 第一个合法节点: 27, 第二层候选节点总数: 2
[INFO] [1773651074.945305531]: 创建合法连接: 临时节点33 -> 节点26, 代价: 7.13
[INFO] [1773651074.945313147]: 创建合法连接: 临时节点33 -> 节点27, 代价: 0.43
[INFO] [1773651074.945322204]: 创建合法连接: 临时节点33 -> 节点28, 代价: 7.80
[INFO] [1773651074.945338269]: 临时节点 33 成功连接到 3 个节点
[INFO] [1773651074.945347165]: 起点到终点直线距离: 3.74 米
[INFO] [1773651074.945362942]: 直连判定: enable=true, distance=3.74 m, threshold=5.00 m, feasible=true
[INFO] [1773651074.945376223]: 添加起点到终点的直接连接，距离: 3.74 米
[INFO] [1773651074.945416737]: 在临时拓扑图中找到路径，包含 2 个节点
[INFO] [1773651074.945461315]: 构建完整路径完成，包含 21 个路径点
[INFO] [1773651074.945493925]: 发布全局路径，包含 21 个路径点
[INFO] [1773651081.945498452]: 收到点击目标点
[INFO] [1773651081.945592826]: 目标点位置: (13.07, 8.58, 1.89)
[INFO] [1773651081.945634908]: 开始规划从 (15.15, 14.68, 1.81) 到 (13.07, 8.58, 1.89) 的路径
[INFO] [1773651081.945684287]: 开始为临时节点 32 查找连接
[INFO] [1773651081.946214108]: 找到第一个合法节点: 27，距离: 0.15
[INFO] [1773651081.946274783]: 第一个合法节点: 27, 第二层候选节点总数: 2
[INFO] [1773651081.946307105]: 创建合法连接: 临时节点32 -> 节点26, 代价: 6.87
[INFO] [1773651081.946333731]: 创建合法连接: 临时节点32 -> 节点27, 代价: 0.15
[INFO] [1773651081.946355044]: 创建合法连接: 临时节点32 -> 节点28, 代价: 7.80
[INFO] [1773651081.946377637]: 临时节点 32 成功连接到 3 个节点
[INFO] [1773651081.946399782]: 开始为临时节点 33 查找连接
[INFO] [1773651081.946426408]: 找到第一个合法节点: 28，距离: 1.43
[INFO] [1773651081.946448329]: 第一个合法节点: 28, 第二层候选节点总数: 2
[INFO] [1773651081.946469066]: 创建合法连接: 临时节点33 -> 节点27, 代价: 6.48
[INFO] [1773651081.946490155]: 创建合法连接: 临时节点33 -> 节点28, 代价: 1.43
[INFO] [1773651081.946509932]: 创建合法连接: 临时节点33 -> 节点29, 代价: 7.62
[INFO] [1773651081.946529357]: 临时节点 33 成功连接到 3 个节点
[INFO] [1773651081.946550191]: 起点到终点直线距离: 6.45 米
[INFO] [1773651081.946573680]: 直连判定: enable=true, distance=6.45 m, threshold=5.00 m, feasible=true
[INFO] [1773651081.946596273]: 未添加直连边: 起点到终点距离 6.45 米超过阈值 5.00 米
[INFO] [1773651081.946637427]: 在临时拓扑图中找到路径，包含 3 个节点
[INFO] [1773651081.946706103]: 构建完整路径完成，包含 41 个路径点
[INFO] [1773651081.946757850]: 发布全局路径，包含 41 个路径点
[INFO] [1773651097.945052574]: 收到点击目标点
[INFO] [1773651097.945131172]: 目标点位置: (8.40, 0.34, 2.00)
[INFO] [1773651097.945154054]: 开始规划从 (13.28, 8.80, 1.86) 到 (8.40, 0.34, 2.00) 的路径
[INFO] [1773651097.945196329]: 开始为临时节点 32 查找连接
[INFO] [1773651097.945211754]: 找到第一个合法节点: 28，距离: 1.66
[INFO] [1773651097.945226315]: 第一个合法节点: 28, 第二层候选节点总数: 2
[INFO] [1773651097.945240300]: 创建合法连接: 临时节点32 -> 节点27, 代价: 6.20
[INFO] [1773651097.945253037]: 创建合法连接: 临时节点32 -> 节点28, 代价: 1.66
[INFO] [1773651097.945265390]: 创建合法连接: 临时节点32 -> 节点29, 代价: 7.89
[INFO] [1773651097.945276207]: 临时节点 32 成功连接到 3 个节点
[INFO] [1773651097.945291344]: 开始为临时节点 33 查找连接
[INFO] [1773651097.945302769]: 找到第一个合法节点: 3，距离: 1.59
[INFO] [1773651097.945315858]: 第一个合法节点: 3, 第二层候选节点总数: 2
[INFO] [1773651097.945325811]: 创建合法连接: 临时节点33 -> 节点2, 代价: 5.38
[INFO] [1773651097.945337268]: 创建合法连接: 临时节点33 -> 节点3, 代价: 1.59
[INFO] [1773651097.945345780]: 创建合法连接: 临时节点33 -> 节点4, 代价: 2.14
[INFO] [1773651097.945360950]: 临时节点 33 成功连接到 3 个节点
[INFO] [1773651097.945372214]: 起点到终点直线距离: 9.76 米
[INFO] [1773651097.945386616]: 直连判定: enable=true, distance=9.76 m, threshold=5.00 m, feasible=true
[INFO] [1773651097.945403033]: 未添加直连边: 起点到终点距离 9.76 米超过阈值 5.00 米
[INFO] [1773651097.945448732]: 在临时拓扑图中找到路径，包含 26 个节点
[INFO] [1773651097.945619273]: 构建完整路径完成，包含 501 个路径点
[INFO] [1773651097.945701583]: 发布全局路径，包含 501 个路径点
[INFO] [1773651140.932041596]: 收到点击目标点
[INFO] [1773651140.932110113]: 目标点位置: (8.77, 0.49, 2.01)
[INFO] [1773651140.932140675]: 开始规划从 (14.62, 13.92, 1.82) 到 (8.77, 0.49, 2.01) 的路径
[INFO] [1773651140.932178246]: 开始为临时节点 32 查找连接
[INFO] [1773651140.932199656]: 找到第一个合法节点: 27，距离: 1.00
[INFO] [1773651140.932214121]: 第一个合法节点: 27, 第二层候选节点总数: 2
[INFO] [1773651140.932227594]: 创建合法连接: 临时节点32 -> 节点26, 代价: 6.89
[INFO] [1773651140.932240747]: 创建合法连接: 临时节点32 -> 节点27, 代价: 1.00
[INFO] [1773651140.932250956]: 创建合法连接: 临时节点32 -> 节点28, 代价: 6.93
[INFO] [1773651140.932262860]: 临时节点 32 成功连接到 3 个节点
[INFO] [1773651140.932273901]: 开始为临时节点 33 查找连接
[INFO] [1773651140.932288046]: 找到第一个合法节点: 3，距离: 1.99
[INFO] [1773651140.932299119]: 第一个合法节点: 3, 第二层候选节点总数: 2
[INFO] [1773651140.932310352]: 创建合法连接: 临时节点33 -> 节点2, 代价: 5.75
[INFO] [1773651140.932321457]: 创建合法连接: 临时节点33 -> 节点3, 代价: 1.99
[INFO] [1773651140.932331474]: 创建合法连接: 临时节点33 -> 节点4, 代价: 1.99
[INFO] [1773651140.932341586]: 临时节点 33 成功连接到 3 个节点
[INFO] [1773651140.932353267]: 起点到终点直线距离: 14.64 米
[INFO] [1773651140.932366036]: 直连判定: enable=true, distance=14.64 m, threshold=5.00 m, feasible=true
[INFO] [1773651140.932378805]: 未添加直连边: 起点到终点距离 14.64 米超过阈值 5.00 米
[INFO] [1773651140.932423289]: 在临时拓扑图中找到路径，包含 25 个节点
[INFO] [1773651140.932646377]: 构建完整路径完成，包含 481 个路径点
[INFO] [1773651140.932696813]: 发布全局路径，包含 481 个路径点
[INFO] [1773651159.374188756]: 收到点击目标点
[INFO] [1773651159.374249369]: 目标点位置: (8.77, 0.49, 2.01)
[INFO] [1773651159.374266970]: 开始规划从 (13.65, 11.94, 1.83) 到 (8.77, 0.49, 2.01) 的路径
[INFO] [1773651159.374300540]: 开始为临时节点 32 查找连接
[INFO] [1773651159.374314942]: 找到第一个合法节点: 27，距离: 3.18
[INFO] [1773651159.374326558]: 第一个合法节点: 27, 第二层候选节点总数: 2
[INFO] [1773651159.374335711]: 创建合法连接: 临时节点32 -> 节点26, 代价: 7.13
[INFO] [1773651159.374343424]: 创建合法连接: 临时节点32 -> 节点27, 代价: 3.18
[INFO] [1773651159.374351712]: 创建合法连接: 临时节点32 -> 节点28, 代价: 4.82
[INFO] [1773651159.374359105]: 临时节点 32 成功连接到 3 个节点
[INFO] [1773651159.374367426]: 开始为临时节点 33 查找连接
[INFO] [1773651159.374376834]: 找到第一个合法节点: 3，距离: 1.99
[INFO] [1773651159.374385251]: 第一个合法节点: 3, 第二层候选节点总数: 2
[INFO] [1773651159.374393475]: 创建合法连接: 临时节点33 -> 节点2, 代价: 5.75
[INFO] [1773651159.374401124]: 创建合法连接: 临时节点33 -> 节点3, 代价: 1.99
[INFO] [1773651159.374408517]: 创建合法连接: 临时节点33 -> 节点4, 代价: 1.99
[INFO] [1773651159.374415685]: 临时节点 33 成功连接到 3 个节点
[INFO] [1773651159.374424390]: 起点到终点直线距离: 12.45 米
[INFO] [1773651159.374433318]: 直连判定: enable=true, distance=12.45 m, threshold=5.00 m, feasible=true
[INFO] [1773651159.374442023]: 未添加直连边: 起点到终点距离 12.45 米超过阈值 5.00 米
