[START] Fast-LIO2 Navigation
Logs will be written to: /root/ws_nav/src/go2_real/logs/slot_02_20260316_160919
Startup log: /root/ws_nav/src/go2_real/logs/slot_02_20260316_160919/startup.log
Starting robot navigation bringup...
Starting Livox point cloud...
Starting IMU stairs detector...
==========================================
Starting HDL Global Localization...
==========================================
Downsampling PCD file...
Downsample a cloud using pcl::VoxelGrid. For more information, use: pcl_voxel_grid -h
Using a leaf size of: 0.200000, 0.200000, 0.200000
Filtering data on field: z between: -inf ->inf
> Loading /root/ws_nav/src/go2_real/navigation_3d/fast_lio_nav/open3d_loc/map/aft_pgo_cloud.pcd [done, 125.236 ms : 7265992 points]
Available dimensions: x y z
> Computing [done, 3044.62 ms : 565475 points]
> Saving /root/ws_nav/src/go2_real/navigation_3d/global_planner/pcd_map/pcd/voxel_free_space_downsampled.pcd [done, 302.535 ms : 565475 points]
Downsampling successful!
-rw-r--r-- 1 1000 1000 6.6M Mar 16 16:09 /root/ws_nav/src/go2_real/navigation_3d/global_planner/pcd_map/pcd/voxel_free_space_downsampled.pcd
Loading global map from: /root/ws_nav/src/go2_real/navigation_3d/global_planner/pcd_map/pcd/voxel_free_space_downsampled.pcd
Starting Global map publisher...
Waiting for global map topic...
Global map topic is available!
Waiting for map data to be published...
Starting Auto initial pose...
Waiting for HDL services to be ready...
Checking service: /hdl_global_localization/query
  ✓ /hdl_global_localization/query ready!
Checking service: /auto_initialpose/trigger
  ✓ /auto_initialpose/trigger ready!
Checking Livox point cloud availability...
Livox point cloud is publishing!
Waiting for nodes to fully initialize...
[2026-03-16 16:09:53] rosservice call /auto_initialpose/trigger
success: False
message: "Map not loaded, cannot trigger localization"
Trigger service returned:
success: False
message: "Map not loaded, cannot trigger localization"
WARNING: Trigger returned success=False
Waiting for localization to complete...
Checking if initial pose was published...
WARNING: Did not receive /initialpose within 5s
WARNING: Global localization may not have completed successfully
Please check if the robot's initial position matches the map
==========================================
HDL Global Localization setup complete
Continuing with navigation startup...
==========================================
Starting 3D localization...
Starting pointcloud to laserscan...
Starting local planner costmap...
Starting path smoother...
Starting pure pursuit...
Starting dual radar extractor...
Starting target points visualizer...
Starting navigation state machine...
Starting photograph service...
Starting UDP cmd_vel sender...
All background nodes are up. Launching navigation GUI (foreground)...
