[INFO] [1773653608.770415636]: 参数加载完成:
[INFO] [1773653608.792178445]:   激光雷达话题: /livox/pointcloud2
[INFO] [1773653608.792212271]:   双雷达模式: 禁用（仅使用激光雷达）
[INFO] [1773653608.792222799]:   PatchWorkpp地面分割: 启用
[INFO] [1773653608.792243888]:   体素滤波器叶子大小: 0.050
[INFO] [1773653608.793084112]:   地面高度阈值: 0.500
[INFO] [1773653608.793134642]:   精细高度过滤阈值: 0.100
[INFO] [1773653608.793151890]:   机器人半径: 0.300
[INFO] [1773653608.793182099]:   最大处理距离: 10.0
[INFO] [1773653608.793193492]:   地面点云膨胀: 启用
[INFO] [1773653608.793205268]:   膨胀半径: 0.300 米
[INFO] [1773653608.793216277]:   膨胀高度范围: 0.300 米
[INFO] [1773653608.793226837]:   障碍物点云聚类滤波: 启用
[INFO] [1773653608.793237685]:   聚类容忍距离: 0.400 米
[INFO] [1773653608.793250646]:   最小聚类大小: 10 点
[INFO] [1773653608.793266871]:   最大聚类大小: 25000 点
[INFO] [1773653608.959074213]: 单雷达模式，仅使用激光雷达数据
[INFO] [1773653609.020461437]: Inititalizing PatchWork++...
[INFO] [1773653609.075572614]: Sensor Height: 1.723000
[INFO] [1773653609.075626856]: Num of Iteration: 3
[INFO] [1773653609.075641129]: Num of LPR: 20
[INFO] [1773653609.075670250]: Num of min. points: 6
[INFO] [1773653609.075682218]: Seeds Threshold: 0.320000
[INFO] [1773653609.075692363]: Distance Threshold: 0.050000
[INFO] [1773653609.075703051]: Max. range:: 10.000000
[INFO] [1773653609.075711019]: Min. range:: 0.010000
[INFO] [1773653609.075719308]: Normal vector threshold: 0.707000
[INFO] [1773653609.075728972]: adaptive_seed_selection_margin: -1.100000
[INFO] [1773653609.084867367]: Num. zones: 4
Num. sectors: 4, 8, 12, 8
Num. rings: 4, 4, 4, 4
elevation_thr_: 0.1000, 0.1000, 0.1000, 0.1000 
flatness_thr_: 0.0000, 0.0000, 0.0000, 0.0000 
INITIALIZATION COMPLETE
